Archive member included to satisfy reference by file (symbol)

/home/almostdeveloper/riot/examples/FirstLesson/bin/stm32f0discovery/core/sched.o
                              /home/almostdeveloper/riot/examples/FirstLesson/bin/stm32f0discovery/newlib_syscalls_default/syscalls.o (sched_active_pid)
/home/almostdeveloper/riot/examples/FirstLesson/bin/stm32f0discovery/core/bitarithm.o
                              /home/almostdeveloper/riot/examples/FirstLesson/bin/stm32f0discovery/core/sched.o (MultiplyDeBruijnBitPosition)
/home/almostdeveloper/riot/examples/FirstLesson/bin/stm32f0discovery/cortexm_common/thread_arch.o
                              /home/almostdeveloper/riot/examples/FirstLesson/bin/stm32f0discovery/core/sched.o (cpu_switch_context_exit)
/home/almostdeveloper/riot/examples/FirstLesson/bin/stm32f0discovery/cortexm_common/vectors_cortexm.o
                              /home/almostdeveloper/riot/examples/FirstLesson/bin/stm32f0discovery/cpu/vectors.o (dummy_handler_default)
/home/almostdeveloper/riot/examples/FirstLesson/bin/stm32f0discovery/cortexm_common/irq_arch.o
                              /home/almostdeveloper/riot/examples/FirstLesson/bin/stm32f0discovery/newlib_syscalls_default/syscalls.o (irq_disable)
/home/almostdeveloper/riot/examples/FirstLesson/bin/stm32f0discovery/div/div.o
                              /home/almostdeveloper/riot/examples/FirstLesson/bin/stm32f0discovery/newlib_syscalls_default/syscalls.o (_div_mulhi64)
/home/almostdeveloper/riot/examples/FirstLesson/bin/stm32f0discovery/stdio_uart/stdio_uart.o
                              /home/almostdeveloper/riot/examples/FirstLesson/bin/stm32f0discovery/newlib_syscalls_default/syscalls.o (stdio_read)
/home/almostdeveloper/riot/examples/FirstLesson/bin/stm32f0discovery/stm32_common_periph/uart.o
                              /home/almostdeveloper/riot/examples/FirstLesson/bin/stm32f0discovery/stdio_uart/stdio_uart.o (uart_init)
/home/almostdeveloper/riot/examples/FirstLesson/bin/stm32f0discovery/stm32_common_periph/pm.o
                              /home/almostdeveloper/riot/examples/FirstLesson/bin/stm32f0discovery/newlib_syscalls_default/syscalls.o (pm_off)
/home/almostdeveloper/riot/examples/FirstLesson/bin/stm32f0discovery/stm32_common_periph/gpio.o
                              /home/almostdeveloper/riot/examples/FirstLesson/bin/stm32f0discovery/stm32_common_periph/uart.o (gpio_init)
/home/almostdeveloper/riot/examples/FirstLesson/bin/stm32f0discovery/xtimer/xtimer_core.o
                              /home/almostdeveloper/riot/examples/FirstLesson/bin/stm32f0discovery/newlib_syscalls_default/syscalls.o (_xtimer_now64)
/home/almostdeveloper/riot/examples/FirstLesson/bin/stm32f0discovery/board/board.o
                              /home/almostdeveloper/riot/examples/FirstLesson/bin/stm32f0discovery/cortexm_common/vectors_cortexm.o (board_init)
/home/almostdeveloper/riot/examples/FirstLesson/bin/stm32f0discovery/core/panic.o
                              /home/almostdeveloper/riot/examples/FirstLesson/bin/stm32f0discovery/cortexm_common/vectors_cortexm.o (core_panic)
/home/almostdeveloper/riot/examples/FirstLesson/bin/stm32f0discovery/core/kernel_init.o
                              /home/almostdeveloper/riot/examples/FirstLesson/bin/stm32f0discovery/cortexm_common/vectors_cortexm.o (kernel_init)
/home/almostdeveloper/riot/examples/FirstLesson/bin/stm32f0discovery/core/thread.o
                              /home/almostdeveloper/riot/examples/FirstLesson/bin/stm32f0discovery/core/kernel_init.o (thread_create)
/home/almostdeveloper/riot/examples/FirstLesson/bin/stm32f0discovery/pm_layered/pm.o
                              /home/almostdeveloper/riot/examples/FirstLesson/bin/stm32f0discovery/core/kernel_init.o (pm_set_lowest)
/home/almostdeveloper/riot/examples/FirstLesson/bin/stm32f0discovery/stm32_common/stmclk.o
                              /home/almostdeveloper/riot/examples/FirstLesson/bin/stm32f0discovery/stm32_common_periph/pm.o (stmclk_init_sysclk)
/home/almostdeveloper/riot/examples/FirstLesson/bin/stm32f0discovery/stm32_common/stmclk_common.o
                              /home/almostdeveloper/riot/examples/FirstLesson/bin/stm32f0discovery/stm32_common/stmclk.o (stmclk_enable_hsi)
/home/almostdeveloper/riot/examples/FirstLesson/bin/stm32f0discovery/stm32_common/cpu_init.o
                              /home/almostdeveloper/riot/examples/FirstLesson/bin/stm32f0discovery/board/board.o (cpu_init)
/home/almostdeveloper/riot/examples/FirstLesson/bin/stm32f0discovery/stm32_common/cpu_common.o
                              /home/almostdeveloper/riot/examples/FirstLesson/bin/stm32f0discovery/stm32_common_periph/uart.o (periph_apb_clk)
/home/almostdeveloper/riot/examples/FirstLesson/bin/stm32f0discovery/stm32_common_periph/timer.o
                              /home/almostdeveloper/riot/examples/FirstLesson/bin/stm32f0discovery/xtimer/xtimer_core.o (timer_set_absolute)
[...]
Memory Configuration

Name             Origin             Length             Attributes
ccmram           0x0000000010000000 0x0000000000000000
rom              0x0000000008000000 0x0000000000010000 xr
ram              0x0000000020000000 0x0000000000002000 w !xr
bkup-ram         0x0000000000000000 0x0000000000000000 w !xr
*default*        0x0000000000000000 0xffffffffffffffff

Linker script and memory map

LOAD /home/almostdeveloper/riot/examples/FirstLesson/bin/stm32f0discovery/cpu/vectors.o
LOAD /home/almostdeveloper/riot/examples/FirstLesson/bin/stm32f0discovery/newlib_syscalls_default/syscalls.o
START GROUP
LOAD /home/almostdeveloper/riot/examples/FirstLesson/bin/stm32f0discovery/application_hello-world.a
LOAD /home/almostdeveloper/riot/examples/FirstLesson/bin/stm32f0discovery/auto_init.a
LOAD /home/almostdeveloper/riot/examples/FirstLesson/bin/stm32f0discovery/board.a
LOAD /home/almostdeveloper/riot/examples/FirstLesson/bin/stm32f0discovery/core.a
LOAD /home/almostdeveloper/riot/examples/FirstLesson/bin/stm32f0discovery/cortexm_common.a
LOAD /home/almostdeveloper/riot/examples/FirstLesson/bin/stm32f0discovery/cortexm_common_periph.a
LOAD /home/almostdeveloper/riot/examples/FirstLesson/bin/stm32f0discovery/cpu.a
LOAD /home/almostdeveloper/riot/examples/FirstLesson/bin/stm32f0discovery/div.a
LOAD /home/almostdeveloper/riot/examples/FirstLesson/bin/stm32f0discovery/newlib_syscalls_default.a
LOAD /home/almostdeveloper/riot/examples/FirstLesson/bin/stm32f0discovery/periph.a
LOAD /home/almostdeveloper/riot/examples/FirstLesson/bin/stm32f0discovery/pm_layered.a
LOAD /home/almostdeveloper/riot/examples/FirstLesson/bin/stm32f0discovery/stdio_uart.a
LOAD /home/almostdeveloper/riot/examples/FirstLesson/bin/stm32f0discovery/stm32_common.a
LOAD /home/almostdeveloper/riot/examples/FirstLesson/bin/stm32f0discovery/stm32_common_periph.a
LOAD /home/almostdeveloper/riot/examples/FirstLesson/bin/stm32f0discovery/sys.a
LOAD /home/almostdeveloper/riot/examples/FirstLesson/bin/stm32f0discovery/xtimer.a
LOAD /home/almostdeveloper/riot/examples/FirstLesson/bin/stm32f0discovery/periph_common.a
LOAD /usr/bin/../lib/gcc/arm-none-eabi/7.3.1/../../../../arm-none-eabi/lib/thumb/v6-m/libm.a
END GROUP
LOAD /usr/bin/../lib/gcc/arm-none-eabi/7.3.1/thumb/v6-m/libgcc.a
                0x0000000008000000                _rom_start_addr = 0x8000000
                0x0000000020000000                _ram_start_addr = 0x20000000
                0x0000000000010000                _rom_length = 0x10000
                0x0000000000002000                _ram_length = 0x2000
LOAD /usr/bin/../lib/gcc/arm-none-eabi/7.3.1/../../../../arm-none-eabi/lib/thumb/v6-m/libc_nano.a
START GROUP
LOAD /usr/bin/../lib/gcc/arm-none-eabi/7.3.1/thumb/v6-m/libgcc.a
LOAD /usr/bin/../lib/gcc/arm-none-eabi/7.3.1/../../../../arm-none-eabi/lib/thumb/v6-m/libg_nano.a
LOAD /usr/bin/../lib/gcc/arm-none-eabi/7.3.1/../../../../arm-none-eabi/lib/thumb/v6-m/libc_nano.a
END GROUP
START GROUP
LOAD /usr/bin/../lib/gcc/arm-none-eabi/7.3.1/thumb/v6-m/libgcc.a
LOAD /usr/bin/../lib/gcc/arm-none-eabi/7.3.1/../../../../arm-none-eabi/lib/thumb/v6-m/libc_nano.a
END GROUP
                0x0000000000000000                ccmram_length = DEFINED (ccmram_len)?ccmram_len:0x0
                0x0000000000000000                _rom_offset = DEFINED (_rom_offset)?_rom_offset:0x0
                0x0000000000010000                _fw_rom_length = DEFINED (_fw_rom_length)?_fw_rom_length:(_rom_length - _rom_offset)
                0x0000000000000001                ASSERT ((_fw_rom_length <= (_rom_length - _rom_offset)), Specified firmware size does not fit in ROM)
                0x0000000000000000                _backup_ram_start_addr = DEFINED (_backup_ram_start_addr)?_backup_ram_start_addr:0x0
                0x0000000000000000                _backup_ram_len = DEFINED (_backup_ram_len)?_backup_ram_len:0x0

.text           0x0000000008000000     0x2648
                0x0000000008000000                . = ALIGN (0x4)
                0x0000000008000000                _sfixed = .
                0x0000000008000000                _isr_vectors = DEFINED (_isr_vectors)?_isr_vectors:.
 *(SORT_BY_NAME(.vectors*))
 .vectors.0     0x0000000008000000       0x40 /home/almostdeveloper/riot/examples/FirstLesson/bin/stm32f0discovery/cortexm_common/vectors_cortexm.o
                0x0000000008000000                cortex_vector_base
 .vectors.1     0x0000000008000040       0x7c /home/almostdeveloper/riot/examples/FirstLesson/bin/stm32f0discovery/cpu/vectors.o
                0x0000000008000040                vector_cpu
 *(.text .text.* .gnu.linkonce.t.*)
 .text.dummy_handler
                0x00000000080000bc        0x8 /home/almostdeveloper/riot/examples/FirstLesson/bin/stm32f0discovery/cpu/vectors.o
                0x00000000080000bc                isr_pvd
                0x00000000080000bc                isr_i2c1
                0x00000000080000bc                isr_tim16
                0x00000000080000bc                isr_exti
                0x00000000080000bc                isr_tsc
                0x00000000080000bc                isr_cec_can
                0x00000000080000bc                isr_tim7
                0x00000000080000bc                isr_dma1_channel4_5
                0x00000000080000bc                isr_tim1_brk_up_trg_com
                0x00000000080000bc                isr_dma1_channel4_5_6_7
                0x00000000080000bc                isr_i2c2
                0x00000000080000bc                isr_dma1_channel2_3
                0x00000000080000bc                isr_spi2
                0x00000000080000bc                isr_dma1_channel1
                0x00000000080000bc                dummy_handler
                0x00000000080000bc                isr_dma1_ch1
                0x00000000080000bc                isr_spi1
                0x00000000080000bc                isr_tim6
                0x00000000080000bc                isr_rcc
                0x00000000080000bc                isr_flash
                0x00000000080000bc                isr_rtc
                0x00000000080000bc                isr_tim1_cc
                0x00000000080000bc                isr_tim14
                0x00000000080000bc                isr_usb
                0x00000000080000bc                isr_adc1_comp
                0x00000000080000bc                isr_usart3_4
                0x00000000080000bc                isr_tim17
                0x00000000080000bc                isr_adc1
                0x00000000080000bc                isr_tim6_dac
                0x00000000080000bc                isr_dma1_ch4_7_dma2_ch3_5
                0x00000000080000bc                isr_pvd_vddio2
                0x00000000080000bc                isr_tim3
                0x00000000080000bc                isr_tim15
                0x00000000080000bc                isr_rcc_crs
                0x00000000080000bc                isr_usart3_8
                0x00000000080000bc                isr_dma1_ch2_3_dma2_ch1_2
                0x00000000080000bc                isr_wwdg
 .text._init    0x00000000080000c4        0x2 /home/almostdeveloper/riot/examples/FirstLesson/bin/stm32f0discovery/newlib_syscalls_default/syscalls.o
                0x00000000080000c4                _init
 .text._fini    0x00000000080000c6        0x2 /home/almostdeveloper/riot/examples/FirstLesson/bin/stm32f0discovery/newlib_syscalls_default/syscalls.o
                0x00000000080000c6                _fini
 .text._sbrk_r  0x00000000080000c8       0x3c /home/almostdeveloper/riot/examples/FirstLesson/bin/stm32f0discovery/newlib_syscalls_default/syscalls.o
                0x00000000080000c8                _sbrk_r
 .text._read_r  0x0000000008000104        0xc /home/almostdeveloper/riot/examples/FirstLesson/bin/stm32f0discovery/newlib_syscalls_default/syscalls.o
                0x0000000008000104                _read_r
 .text._write_r
                0x0000000008000110        0xc /home/almostdeveloper/riot/examples/FirstLesson/bin/stm32f0discovery/newlib_syscalls_default/syscalls.o
                0x0000000008000110                _write_r
 .text._close_r
                0x000000000800011c        0xa /home/almostdeveloper/riot/examples/FirstLesson/bin/stm32f0discovery/newlib_syscalls_default/syscalls.o
                0x000000000800011c                _close_r
 .text._lseek_r
                0x0000000008000126        0xa /home/almostdeveloper/riot/examples/FirstLesson/bin/stm32f0discovery/newlib_syscalls_default/syscalls.o
                0x0000000008000126                _lseek_r
 .text._fstat_r
                0x0000000008000130        0xa /home/almostdeveloper/riot/examples/FirstLesson/bin/stm32f0discovery/newlib_syscalls_default/syscalls.o
                0x0000000008000130                _fstat_r
 .text._isatty_r
                0x000000000800013a        0xe /home/almostdeveloper/riot/examples/FirstLesson/bin/stm32f0discovery/newlib_syscalls_default/syscalls.o
                0x000000000800013a                _isatty_r
 .text.sched_run
                0x0000000008000148       0x68 /home/almostdeveloper/riot/examples/FirstLesson/bin/stm32f0discovery/core/sched.o
                0x0000000008000148                sched_run
 .text.sched_set_status
                0x00000000080001b0       0x7c /home/almostdeveloper/riot/examples/FirstLesson/bin/stm32f0discovery/core/sched.o
                0x00000000080001b0                sched_set_status
 .text.sched_switch
                0x000000000800022c       0x30 /home/almostdeveloper/riot/examples/FirstLesson/bin/stm32f0discovery/core/sched.o
                0x000000000800022c                sched_switch
 .text.sched_task_exit
                0x000000000800025c       0x3c /home/almostdeveloper/riot/examples/FirstLesson/bin/stm32f0discovery/core/sched.o
                0x000000000800025c                sched_task_exit
 .text.thread_stack_init
                0x0000000008000298       0x90 /home/almostdeveloper/riot/examples/FirstLesson/bin/stm32f0discovery/cortexm_common/thread_arch.o
                0x0000000008000298                thread_stack_init
 .text.cpu_switch_context_exit
                0x0000000008000328        0x8 /home/almostdeveloper/riot/examples/FirstLesson/bin/stm32f0discovery/cortexm_common/thread_arch.o
                0x0000000008000328                cpu_switch_context_exit
 .text.thread_yield_higher
                0x0000000008000330       0x14 /home/almostdeveloper/riot/examples/FirstLesson/bin/stm32f0discovery/cortexm_common/thread_arch.o
                0x0000000008000330                thread_yield_higher
 .text.isr_pendsv
                0x0000000008000344       0x28 /home/almostdeveloper/riot/examples/FirstLesson/bin/stm32f0discovery/cortexm_common/thread_arch.o
                0x0000000008000344                isr_pendsv
 .text.isr_svc  0x000000000800036c       0x2c /home/almostdeveloper/riot/examples/FirstLesson/bin/stm32f0discovery/cortexm_common/thread_arch.o
                0x000000000800036c                isr_svc
 .text.hard_fault_default
                0x0000000008000398       0x50 /home/almostdeveloper/riot/examples/FirstLesson/bin/stm32f0discovery/cortexm_common/vectors_cortexm.o
                0x0000000008000398                hard_fault_default
 .text.nmi_default
                0x00000000080003e8       0x10 /home/almostdeveloper/riot/examples/FirstLesson/bin/stm32f0discovery/cortexm_common/vectors_cortexm.o
                0x00000000080003e8                nmi_default
 .text.dummy_handler_default
                0x00000000080003f8       0x10 /home/almostdeveloper/riot/examples/FirstLesson/bin/stm32f0discovery/cortexm_common/vectors_cortexm.o
                0x00000000080003f8                dummy_handler_default
                0x00000000080003f8                isr_systick
 .text.pre_startup
                0x0000000008000408        0x2 /home/almostdeveloper/riot/examples/FirstLesson/bin/stm32f0discovery/cortexm_common/vectors_cortexm.o
                0x0000000008000408                pre_startup
 .text.post_startup
                0x000000000800040a        0x2 /home/almostdeveloper/riot/examples/FirstLesson/bin/stm32f0discovery/cortexm_common/vectors_cortexm.o
                0x000000000800040a                post_startup
 .text.reset_handler_default
                0x000000000800040c       0x68 /home/almostdeveloper/riot/examples/FirstLesson/bin/stm32f0discovery/cortexm_common/vectors_cortexm.o
                0x000000000800040c                reset_handler_default
 .text.hard_fault_handler
                0x0000000008000474      0x118 /home/almostdeveloper/riot/examples/FirstLesson/bin/stm32f0discovery/cortexm_common/vectors_cortexm.o
                0x0000000008000474                hard_fault_handler
 .text.irq_disable
                0x000000000800058c        0x8 /home/almostdeveloper/riot/examples/FirstLesson/bin/stm32f0discovery/cortexm_common/irq_arch.o
                0x000000000800058c                irq_disable
 .text.irq_enable
                0x0000000008000594        0x8 /home/almostdeveloper/riot/examples/FirstLesson/bin/stm32f0discovery/cortexm_common/irq_arch.o
                0x0000000008000594                irq_enable
 .text.irq_restore
                0x000000000800059c        0x6 /home/almostdeveloper/riot/examples/FirstLesson/bin/stm32f0discovery/cortexm_common/irq_arch.o
                0x000000000800059c                irq_restore
 .text.irq_is_in
                0x00000000080005a2        0x8 /home/almostdeveloper/riot/examples/FirstLesson/bin/stm32f0discovery/cortexm_common/irq_arch.o
                0x00000000080005a2                irq_is_in
 .text.stdio_init
                0x00000000080005aa       0x12 /home/almostdeveloper/riot/examples/FirstLesson/bin/stm32f0discovery/stdio_uart/stdio_uart.o
                0x00000000080005aa                stdio_init
 .text.stdio_read
                0x00000000080005bc        0x6 /home/almostdeveloper/riot/examples/FirstLesson/bin/stm32f0discovery/stdio_uart/stdio_uart.o
                0x00000000080005bc                stdio_read
 .text.stdio_write
                0x00000000080005c2       0x12 /home/almostdeveloper/riot/examples/FirstLesson/bin/stm32f0discovery/stdio_uart/stdio_uart.o
                0x00000000080005c2                stdio_write
 .text.uart_enable_clock
                0x00000000080005d4       0x30 /home/almostdeveloper/riot/examples/FirstLesson/bin/stm32f0discovery/stm32_common_periph/uart.o
 .text.irq_handler
                0x0000000008000604       0x4c /home/almostdeveloper/riot/examples/FirstLesson/bin/stm32f0discovery/stm32_common_periph/uart.o
 .text.uart_init
                0x0000000008000650       0xc8 /home/almostdeveloper/riot/examples/FirstLesson/bin/stm32f0discovery/stm32_common_periph/uart.o
                0x0000000008000650                uart_init
 .text.uart_write
                0x0000000008000718       0x48 /home/almostdeveloper/riot/examples/FirstLesson/bin/stm32f0discovery/stm32_common_periph/uart.o
                0x0000000008000718                uart_write
 .text.isr_usart1
                0x0000000008000760        0xa /home/almostdeveloper/riot/examples/FirstLesson/bin/stm32f0discovery/stm32_common_periph/uart.o
                0x0000000008000760                isr_usart1
 .text.isr_usart2
                0x000000000800076a        0xa /home/almostdeveloper/riot/examples/FirstLesson/bin/stm32f0discovery/stm32_common_periph/uart.o
                0x000000000800076a                isr_usart2
 .text.pm_set   0x0000000008000774       0x6c /home/almostdeveloper/riot/examples/FirstLesson/bin/stm32f0discovery/stm32_common_periph/pm.o
                0x0000000008000774                pm_set
 .text.pm_off   0x00000000080007e0        0xe /home/almostdeveloper/riot/examples/FirstLesson/bin/stm32f0discovery/stm32_common_periph/pm.o
                0x00000000080007e0                pm_off
 .text.gpio_init
                0x00000000080007ee       0x74 /home/almostdeveloper/riot/examples/FirstLesson/bin/stm32f0discovery/stm32_common_periph/gpio.o
                0x00000000080007ee                gpio_init
 .text.gpio_init_af
                0x0000000008000862       0x42 /home/almostdeveloper/riot/examples/FirstLesson/bin/stm32f0discovery/stm32_common_periph/gpio.o
                0x0000000008000862                gpio_init_af
 .text.gpio_read
                0x00000000080008a4       0x14 /home/almostdeveloper/riot/examples/FirstLesson/bin/stm32f0discovery/stm32_common_periph/gpio.o
                0x00000000080008a4                gpio_read
 .text.gpio_set
                0x00000000080008b8       0x10 /home/almostdeveloper/riot/examples/FirstLesson/bin/stm32f0discovery/stm32_common_periph/gpio.o
                0x00000000080008b8                gpio_set
 .text.gpio_clear
                0x00000000080008c8       0x12 /home/almostdeveloper/riot/examples/FirstLesson/bin/stm32f0discovery/stm32_common_periph/gpio.o
                0x00000000080008c8                gpio_clear
 .text.gpio_toggle
                0x00000000080008da       0x1c /home/almostdeveloper/riot/examples/FirstLesson/bin/stm32f0discovery/stm32_common_periph/gpio.o
                0x00000000080008da                gpio_toggle
 .text._xtimer_lltimer_now
                0x00000000080008f6        0xa /home/almostdeveloper/riot/examples/FirstLesson/bin/stm32f0discovery/xtimer/xtimer_core.o
 .text._lltimer_set
                0x0000000008000900       0x18 /home/almostdeveloper/riot/examples/FirstLesson/bin/stm32f0discovery/xtimer/xtimer_core.o
 .text._add_timer_to_long_list.constprop.4
                0x0000000008000918       0x2c /home/almostdeveloper/riot/examples/FirstLesson/bin/stm32f0discovery/xtimer/xtimer_core.o
 .text._next_period
                0x0000000008000944       0x9c /home/almostdeveloper/riot/examples/FirstLesson/bin/stm32f0discovery/xtimer/xtimer_core.o
 .text._periph_timer_callback
                0x00000000080009e0       0xcc /home/almostdeveloper/riot/examples/FirstLesson/bin/stm32f0discovery/xtimer/xtimer_core.o
 .text._remove  0x0000000008000aac       0x70 /home/almostdeveloper/riot/examples/FirstLesson/bin/stm32f0discovery/xtimer/xtimer_core.o
 .text.xtimer_init
                0x0000000008000b1c       0x20 /home/almostdeveloper/riot/examples/FirstLesson/bin/stm32f0discovery/xtimer/xtimer_core.o
                0x0000000008000b1c                xtimer_init
 .text._xtimer_set_absolute
                0x0000000008000b3c       0xc4 /home/almostdeveloper/riot/examples/FirstLesson/bin/stm32f0discovery/xtimer/xtimer_core.o
                0x0000000008000b3c                _xtimer_set_absolute
 .text.xtimer_remove
                0x0000000008000c00       0x24 /home/almostdeveloper/riot/examples/FirstLesson/bin/stm32f0discovery/xtimer/xtimer_core.o
                0x0000000008000c00                xtimer_remove
 .text._xtimer_set
                0x0000000008000c24       0x3a /home/almostdeveloper/riot/examples/FirstLesson/bin/stm32f0discovery/xtimer/xtimer_core.o
                0x0000000008000c24                _xtimer_set
 *fill*         0x0000000008000c5e        0x2 
 .text._xtimer_set64
                0x0000000008000c60       0x60 /home/almostdeveloper/riot/examples/FirstLesson/bin/stm32f0discovery/xtimer/xtimer_core.o
                0x0000000008000c60                _xtimer_set64
 .text.board_init
                0x0000000008000cc0       0x20 /home/almostdeveloper/riot/examples/FirstLesson/bin/stm32f0discovery/board/board.o
                0x0000000008000cc0                board_init
 .text.panic_arch
                0x0000000008000ce0        0x2 /home/almostdeveloper/riot/examples/FirstLesson/bin/stm32f0discovery/core/panic.o
                0x0000000008000ce0                panic_arch
 *fill*         0x0000000008000ce2        0x2 
 .text.core_panic
                0x0000000008000ce4       0x48 /home/almostdeveloper/riot/examples/FirstLesson/bin/stm32f0discovery/core/panic.o
                0x0000000008000ce4                core_panic
 .text.main_trampoline
                0x0000000008000d2c       0x18 /home/almostdeveloper/riot/examples/FirstLesson/bin/stm32f0discovery/core/kernel_init.o
 .text.idle_thread
                0x0000000008000d44        0x8 /home/almostdeveloper/riot/examples/FirstLesson/bin/stm32f0discovery/core/kernel_init.o
 .text.kernel_init
                0x0000000008000d4c       0x58 /home/almostdeveloper/riot/examples/FirstLesson/bin/stm32f0discovery/core/kernel_init.o
                0x0000000008000d4c                kernel_init
 .text.thread_add_to_list
                0x0000000008000da4       0x34 /home/almostdeveloper/riot/examples/FirstLesson/bin/stm32f0discovery/core/thread.o
                0x0000000008000da4                thread_add_to_list
 .text.thread_create
                0x0000000008000dd8       0xe8 /home/almostdeveloper/riot/examples/FirstLesson/bin/stm32f0discovery/core/thread.o
                0x0000000008000dd8                thread_create
 .text.pm_set_lowest
                0x0000000008000ec0       0x34 /home/almostdeveloper/riot/examples/FirstLesson/bin/stm32f0discovery/pm_layered/pm.o
                0x0000000008000ec0                pm_set_lowest
 .text.pm_block
                0x0000000008000ef4       0x30 /home/almostdeveloper/riot/examples/FirstLesson/bin/stm32f0discovery/pm_layered/pm.o
                0x0000000008000ef4                pm_block
 .text.stmclk_init_sysclk
                0x0000000008000f24       0x8c /home/almostdeveloper/riot/examples/FirstLesson/bin/stm32f0discovery/stm32_common/stmclk.o
                0x0000000008000f24                stmclk_init_sysclk
 .text.stmclk_enable_hsi
                0x0000000008000fb0       0x18 /home/almostdeveloper/riot/examples/FirstLesson/bin/stm32f0discovery/stm32_common/stmclk_common.o
                0x0000000008000fb0                stmclk_enable_hsi
 .text.stmclk_disable_hsi
                0x0000000008000fc8       0x18 /home/almostdeveloper/riot/examples/FirstLesson/bin/stm32f0discovery/stm32_common/stmclk_common.o
                0x0000000008000fc8                stmclk_disable_hsi
 .text.cpu_init
                0x0000000008000fe0       0x74 /home/almostdeveloper/riot/examples/FirstLesson/bin/stm32f0discovery/stm32_common/cpu_init.o
                0x0000000008000fe0                cpu_init
 .text.periph_apb_clk
                0x0000000008001054        0x8 /home/almostdeveloper/riot/examples/FirstLesson/bin/stm32f0discovery/stm32_common/cpu_common.o
                0x0000000008001054                periph_apb_clk
 .text.periph_timer_clk
                0x000000000800105c       0x14 /home/almostdeveloper/riot/examples/FirstLesson/bin/stm32f0discovery/stm32_common/cpu_common.o
                0x000000000800105c                periph_timer_clk
 .text.periph_clk_en
                0x0000000008001070       0x34 /home/almostdeveloper/riot/examples/FirstLesson/bin/stm32f0discovery/stm32_common/cpu_common.o
                0x0000000008001070                periph_clk_en
 .text.timer_set_absolute
                0x00000000080010a4       0x3c /home/almostdeveloper/riot/examples/FirstLesson/bin/stm32f0discovery/stm32_common_periph/timer.o
                0x00000000080010a4                timer_set_absolute
 .text.timer_read
                0x00000000080010e0       0x10 /home/almostdeveloper/riot/examples/FirstLesson/bin/stm32f0discovery/stm32_common_periph/timer.o
                0x00000000080010e0                timer_read
 .text.timer_start
                0x00000000080010f0       0x14 /home/almostdeveloper/riot/examples/FirstLesson/bin/stm32f0discovery/stm32_common_periph/timer.o
                0x00000000080010f0                timer_start
 .text.timer_init
                0x0000000008001104       0x58 /home/almostdeveloper/riot/examples/FirstLesson/bin/stm32f0discovery/stm32_common_periph/timer.o
                0x0000000008001104                timer_init
 .text.isr_tim2
                0x000000000800115c       0x44 /home/almostdeveloper/riot/examples/FirstLesson/bin/stm32f0discovery/stm32_common_periph/timer.o
                0x000000000800115c                isr_tim2
 .text.periph_init
                0x00000000080011a0        0x2 /home/almostdeveloper/riot/examples/FirstLesson/bin/stm32f0discovery/periph_common/init.o
                0x00000000080011a0                periph_init
 *fill*         0x00000000080011a2        0x2 
 .text.thread_handler
                0x00000000080011a4       0x1c /home/almostdeveloper/riot/examples/FirstLesson/bin/stm32f0discovery/application_hello-world/main.o
                0x00000000080011a4                thread_handler
 .text.startup.main
                0x00000000080011c0       0x58 /home/almostdeveloper/riot/examples/FirstLesson/bin/stm32f0discovery/application_hello-world/main.o
                0x00000000080011c0                main
 .text.auto_init
                0x0000000008001218        0x8 /home/almostdeveloper/riot/examples/FirstLesson/bin/stm32f0discovery/auto_init/auto_init.o
                0x0000000008001218                auto_init
 .text.cortexm_init
                0x0000000008001220       0x70 /home/almostdeveloper/riot/examples/FirstLesson/bin/stm32f0discovery/cortexm_common/cortexm_init.o
                0x0000000008001220                cortexm_init
 .text._callback_unlock_mutex
                0x0000000008001290        0x8 /home/almostdeveloper/riot/examples/FirstLesson/bin/stm32f0discovery/xtimer/xtimer.o
 .text._xtimer_spin
                0x0000000008001298       0x1a /home/almostdeveloper/riot/examples/FirstLesson/bin/stm32f0discovery/xtimer/xtimer.o
 *fill*         0x00000000080012b2        0x2 
 .text._xtimer_tsleep
                0x00000000080012b4       0x58 /home/almostdeveloper/riot/examples/FirstLesson/bin/stm32f0discovery/xtimer/xtimer.o
                0x00000000080012b4                _xtimer_tsleep
 .text._mutex_lock
                0x000000000800130c       0x60 /home/almostdeveloper/riot/examples/FirstLesson/bin/stm32f0discovery/core/mutex.o
                0x000000000800130c                _mutex_lock
 .text.mutex_unlock
                0x000000000800136c       0x4a /home/almostdeveloper/riot/examples/FirstLesson/bin/stm32f0discovery/core/mutex.o
                0x000000000800136c                mutex_unlock
 *fill*         0x00000000080013b6        0x2 
 .text          0x00000000080013b8      0x114 /usr/bin/../lib/gcc/arm-none-eabi/7.3.1/thumb/v6-m/libgcc.a(_udivsi3.o)
                0x00000000080013b8                __udivsi3
                0x00000000080013b8                __aeabi_uidiv
                0x00000000080014c4                __aeabi_uidivmod
 .text          0x00000000080014cc        0x4 /usr/bin/../lib/gcc/arm-none-eabi/7.3.1/thumb/v6-m/libgcc.a(_dvmd_tls.o)
                0x00000000080014cc                __aeabi_ldiv0
                0x00000000080014cc                __aeabi_idiv0
 .text.__libc_init_array
                0x00000000080014d0       0x48 /usr/bin/../lib/gcc/arm-none-eabi/7.3.1/../../../../arm-none-eabi/lib/thumb/v6-m/libc_nano.a(lib_a-init.o)
                0x00000000080014d0                __libc_init_array
 .text._malloc_r
                0x0000000008001518       0xbc /usr/bin/../lib/gcc/arm-none-eabi/7.3.1/../../../../arm-none-eabi/lib/thumb/v6-m/libc_nano.a(lib_a-nano-mallocr.o)
                0x0000000008001518                _malloc_r
 .text.printf   0x00000000080015d4       0x34 /usr/bin/../lib/gcc/arm-none-eabi/7.3.1/../../../../arm-none-eabi/lib/thumb/v6-m/libc_nano.a(lib_a-printf.o)
                0x00000000080015d4                printf
                0x00000000080015d4                iprintf
 .text._puts_r  0x0000000008001608       0xc0 /usr/bin/../lib/gcc/arm-none-eabi/7.3.1/../../../../arm-none-eabi/lib/thumb/v6-m/libc_nano.a(lib_a-puts.o)
                0x0000000008001608                _puts_r
 .text.puts     0x00000000080016c8       0x14 /usr/bin/../lib/gcc/arm-none-eabi/7.3.1/../../../../arm-none-eabi/lib/thumb/v6-m/libc_nano.a(lib_a-puts.o)
                0x00000000080016c8                puts
 .text.__swbuf_r
                0x00000000080016dc       0xac /usr/bin/../lib/gcc/arm-none-eabi/7.3.1/../../../../arm-none-eabi/lib/thumb/v6-m/libc_nano.a(lib_a-wbuf.o)
                0x00000000080016dc                __swbuf_r
 .text.__swsetup_r
                0x0000000008001788       0xec /usr/bin/../lib/gcc/arm-none-eabi/7.3.1/../../../../arm-none-eabi/lib/thumb/v6-m/libc_nano.a(lib_a-wsetup.o)
                0x0000000008001788                __swsetup_r
 .text.__sflush_r
                0x0000000008001874      0x114 /usr/bin/../lib/gcc/arm-none-eabi/7.3.1/../../../../arm-none-eabi/lib/thumb/v6-m/libc_nano.a(lib_a-fflush.o)
                0x0000000008001874                __sflush_r
 .text._fflush_r
                0x0000000008001988       0x58 /usr/bin/../lib/gcc/arm-none-eabi/7.3.1/../../../../arm-none-eabi/lib/thumb/v6-m/libc_nano.a(lib_a-fflush.o)
                0x0000000008001988                _fflush_r
 .text.std      0x00000000080019e0       0x48 /usr/bin/../lib/gcc/arm-none-eabi/7.3.1/../../../../arm-none-eabi/lib/thumb/v6-m/libc_nano.a(lib_a-findfp.o)
 .text._cleanup_r
                0x0000000008001a28       0x10 /usr/bin/../lib/gcc/arm-none-eabi/7.3.1/../../../../arm-none-eabi/lib/thumb/v6-m/libc_nano.a(lib_a-findfp.o)
                0x0000000008001a28                _cleanup_r
 .text.__sfmoreglue
                0x0000000008001a38       0x2c /usr/bin/../lib/gcc/arm-none-eabi/7.3.1/../../../../arm-none-eabi/lib/thumb/v6-m/libc_nano.a(lib_a-findfp.o)
                0x0000000008001a38                __sfmoreglue
 .text.__sinit  0x0000000008001a64       0x68 /usr/bin/../lib/gcc/arm-none-eabi/7.3.1/../../../../arm-none-eabi/lib/thumb/v6-m/libc_nano.a(lib_a-findfp.o)
                0x0000000008001a64                __sinit
 .text.__sfp    0x0000000008001acc       0x7c /usr/bin/../lib/gcc/arm-none-eabi/7.3.1/../../../../arm-none-eabi/lib/thumb/v6-m/libc_nano.a(lib_a-findfp.o)
                0x0000000008001acc                __sfp
 .text._fwalk_reent
                0x0000000008001b48       0x42 /usr/bin/../lib/gcc/arm-none-eabi/7.3.1/../../../../arm-none-eabi/lib/thumb/v6-m/libc_nano.a(lib_a-fwalk.o)
                0x0000000008001b48                _fwalk_reent
 *fill*         0x0000000008001b8a        0x2 
 .text.__swhatbuf_r
                0x0000000008001b8c       0x50 /usr/bin/../lib/gcc/arm-none-eabi/7.3.1/../../../../arm-none-eabi/lib/thumb/v6-m/libc_nano.a(lib_a-makebuf.o)
                0x0000000008001b8c                __swhatbuf_r
 .text.__smakebuf_r
                0x0000000008001bdc       0x88 /usr/bin/../lib/gcc/arm-none-eabi/7.3.1/../../../../arm-none-eabi/lib/thumb/v6-m/libc_nano.a(lib_a-makebuf.o)
                0x0000000008001bdc                __smakebuf_r
 .text.memset   0x0000000008001c64       0x10 /usr/bin/../lib/gcc/arm-none-eabi/7.3.1/../../../../arm-none-eabi/lib/thumb/v6-m/libc_nano.a(lib_a-memset.o)
                0x0000000008001c64                memset
 .text.__malloc_lock
                0x0000000008001c74        0x2 /usr/bin/../lib/gcc/arm-none-eabi/7.3.1/../../../../arm-none-eabi/lib/thumb/v6-m/libc_nano.a(lib_a-mlock.o)
                0x0000000008001c74                __malloc_lock
 .text.__malloc_unlock
                0x0000000008001c76        0x2 /usr/bin/../lib/gcc/arm-none-eabi/7.3.1/../../../../arm-none-eabi/lib/thumb/v6-m/libc_nano.a(lib_a-mlock.o)
                0x0000000008001c76                __malloc_unlock
 .text._free_r  0x0000000008001c78       0x94 /usr/bin/../lib/gcc/arm-none-eabi/7.3.1/../../../../arm-none-eabi/lib/thumb/v6-m/libc_nano.a(lib_a-nano-freer.o)
                0x0000000008001c78                _free_r
 .text.__sfputc_r
                0x0000000008001d0c       0x2a /usr/bin/../lib/gcc/arm-none-eabi/7.3.1/../../../../arm-none-eabi/lib/thumb/v6-m/libc_nano.a(lib_a-nano-vfprintf.o)
 .text.__sfputs_r
                0x0000000008001d36       0x24 /usr/bin/../lib/gcc/arm-none-eabi/7.3.1/../../../../arm-none-eabi/lib/thumb/v6-m/libc_nano.a(lib_a-nano-vfprintf.o)
                0x0000000008001d36                __sfputs_r
 *fill*         0x0000000008001d5a        0x2 
 .text._vfprintf_r
                0x0000000008001d5c      0x22c /usr/bin/../lib/gcc/arm-none-eabi/7.3.1/../../../../arm-none-eabi/lib/thumb/v6-m/libc_nano.a(lib_a-nano-vfprintf.o)
                0x0000000008001d5c                _vfiprintf_r
                0x0000000008001d5c                _vfprintf_r
 .text._printf_common
                0x0000000008001f88       0xda /usr/bin/../lib/gcc/arm-none-eabi/7.3.1/../../../../arm-none-eabi/lib/thumb/v6-m/libc_nano.a(lib_a-nano-vfprintf_i.o)
                0x0000000008001f88                _printf_common
 *fill*         0x0000000008002062        0x2 
 .text._printf_i
                0x0000000008002064      0x210 /usr/bin/../lib/gcc/arm-none-eabi/7.3.1/../../../../arm-none-eabi/lib/thumb/v6-m/libc_nano.a(lib_a-nano-vfprintf_i.o)
                0x0000000008002064                _printf_i
 .text.__sread  0x0000000008002274       0x28 /usr/bin/../lib/gcc/arm-none-eabi/7.3.1/../../../../arm-none-eabi/lib/thumb/v6-m/libc_nano.a(lib_a-stdio.o)
                0x0000000008002274                __sread
 .text.__swrite
                0x000000000800229c       0x38 /usr/bin/../lib/gcc/arm-none-eabi/7.3.1/../../../../arm-none-eabi/lib/thumb/v6-m/libc_nano.a(lib_a-stdio.o)
                0x000000000800229c                __swrite
 .text.__sseek  0x00000000080022d4       0x2c /usr/bin/../lib/gcc/arm-none-eabi/7.3.1/../../../../arm-none-eabi/lib/thumb/v6-m/libc_nano.a(lib_a-stdio.o)
                0x00000000080022d4                __sseek
 .text.__sclose
                0x0000000008002300        0xc /usr/bin/../lib/gcc/arm-none-eabi/7.3.1/../../../../arm-none-eabi/lib/thumb/v6-m/libc_nano.a(lib_a-stdio.o)
                0x0000000008002300                __sclose
 .text.memchr   0x000000000800230c       0x16 /usr/bin/../lib/gcc/arm-none-eabi/7.3.1/../../../../arm-none-eabi/lib/thumb/v6-m/libc_nano.a(lib_a-memchr-stub.o)
                0x000000000800230c                memchr
 *(.glue_7t)
 .glue_7t       0x0000000008002322        0x0 linker stubs
 *(.glue_7)
 .glue_7        0x0000000008002322        0x0 linker stubs
 *(.rodata .rodata* .gnu.linkonce.r.*)
 .rodata.MultiplyDeBruijnBitPosition
                0x0000000008002322       0x20 /home/almostdeveloper/riot/examples/FirstLesson/bin/stm32f0discovery/core/bitarithm.o
                0x0000000008002322                MultiplyDeBruijnBitPosition
 .rodata.dummy_handler_default.str1.1
                0x0000000008002342        0xe /home/almostdeveloper/riot/examples/FirstLesson/bin/stm32f0discovery/cortexm_common/vectors_cortexm.o
 .rodata.hard_fault_handler.str1.1
                0x0000000008002350      0x18b /home/almostdeveloper/riot/examples/FirstLesson/bin/stm32f0discovery/cortexm_common/vectors_cortexm.o
 .rodata.nmi_default.str1.1
                0x00000000080024db        0xc /home/almostdeveloper/riot/examples/FirstLesson/bin/stm32f0discovery/cortexm_common/vectors_cortexm.o
 *fill*         0x00000000080024e7        0x1 
 .rodata.uart_config
                0x00000000080024e8       0x28 /home/almostdeveloper/riot/examples/FirstLesson/bin/stm32f0discovery/stm32_common_periph/uart.o
 .rodata.assert_crash_message
                0x0000000008002510       0x12 /home/almostdeveloper/riot/examples/FirstLesson/bin/stm32f0discovery/core/panic.o
                0x0000000008002510                assert_crash_message
 .rodata.core_panic.str1.1
                0x0000000008002522       0x2e /home/almostdeveloper/riot/examples/FirstLesson/bin/stm32f0discovery/core/panic.o
 .rodata.main_trampoline.str1.1
                0x0000000008002550       0x3c /home/almostdeveloper/riot/examples/FirstLesson/bin/stm32f0discovery/core/kernel_init.o
 .rodata.str1.1
                0x000000000800258c        0xa /home/almostdeveloper/riot/examples/FirstLesson/bin/stm32f0discovery/core/kernel_init.o
 .rodata.apbmul
                0x0000000008002596        0x2 /home/almostdeveloper/riot/examples/FirstLesson/bin/stm32f0discovery/stm32_common/cpu_common.o
 .rodata.timer_config
                0x0000000008002598       0x10 /home/almostdeveloper/riot/examples/FirstLesson/bin/stm32f0discovery/stm32_common_periph/timer.o
 .rodata.main.str1.1
                0x00000000080025a8        0x7 /home/almostdeveloper/riot/examples/FirstLesson/bin/stm32f0discovery/application_hello-world/main.o
 *fill*         0x00000000080025af        0x1 
 .rodata._global_impure_ptr
                0x00000000080025b0        0x4 /usr/bin/../lib/gcc/arm-none-eabi/7.3.1/../../../../arm-none-eabi/lib/thumb/v6-m/libc_nano.a(lib_a-impure.o)
                0x00000000080025b0                _global_impure_ptr
 .rodata.__sf_fake_stderr
                0x00000000080025b4       0x20 /usr/bin/../lib/gcc/arm-none-eabi/7.3.1/../../../../arm-none-eabi/lib/thumb/v6-m/libc_nano.a(lib_a-findfp.o)
                0x00000000080025b4                __sf_fake_stderr
 .rodata.__sf_fake_stdin
                0x00000000080025d4       0x20 /usr/bin/../lib/gcc/arm-none-eabi/7.3.1/../../../../arm-none-eabi/lib/thumb/v6-m/libc_nano.a(lib_a-findfp.o)
                0x00000000080025d4                __sf_fake_stdin
 .rodata.__sf_fake_stdout
                0x00000000080025f4       0x20 /usr/bin/../lib/gcc/arm-none-eabi/7.3.1/../../../../arm-none-eabi/lib/thumb/v6-m/libc_nano.a(lib_a-findfp.o)
                0x00000000080025f4                __sf_fake_stdout
 .rodata._vfprintf_r.str1.1
                0x0000000008002614       0x11 /usr/bin/../lib/gcc/arm-none-eabi/7.3.1/../../../../arm-none-eabi/lib/thumb/v6-m/libc_nano.a(lib_a-nano-vfprintf.o)
 .rodata._printf_i.str1.1
                0x0000000008002625       0x22 /usr/bin/../lib/gcc/arm-none-eabi/7.3.1/../../../../arm-none-eabi/lib/thumb/v6-m/libc_nano.a(lib_a-nano-vfprintf_i.o)
 *(.ARM.extab* .gnu.linkonce.armextab.*)
                0x0000000008002648                . = ALIGN (0x4)
 *fill*         0x0000000008002647        0x1 
 *(.init)
                0x0000000008002648                . = ALIGN (0x4)
                0x0000000008002648                __preinit_array_start = .
 *(.preinit_array)
                0x0000000008002648                __preinit_array_end = .
                0x0000000008002648                . = ALIGN (0x4)
                0x0000000008002648                __init_array_start = .
 *(SORT_BY_NAME(.init_array.*))
 *(.init_array)
                0x0000000008002648                __init_array_end = .
                0x0000000008002648                . = ALIGN (0x4)
 *crtbegin.o(.ctors)
 *(EXCLUDE_FILE(*crtend.o) .ctors)
 *(SORT_BY_NAME(.ctors.*))
 *crtend.o(.ctors)
                0x0000000008002648                . = ALIGN (0x4)
 *(.fini)
                0x0000000008002648                . = ALIGN (0x4)
                0x0000000008002648                __fini_array_start = .
 *(.fini_array)
 *(SORT_BY_NAME(.fini_array.*))
                0x0000000008002648                __fini_array_end = .
 *crtbegin.o(.dtors)
 *(EXCLUDE_FILE(*crtend.o) .dtors)
 *(SORT_BY_NAME(.dtors.*))
 *crtend.o(.dtors)
                0x0000000008002648                . = ALIGN (0x4)
                0x0000000008002648                _efixed = .
                [!provide]                        PROVIDE (__exidx_start = .)

.vfp11_veneer   0x0000000008002648        0x0
 .vfp11_veneer  0x0000000008002648        0x0 linker stubs

.v4_bx          0x0000000008002648        0x0
 .v4_bx         0x0000000008002648        0x0 linker stubs

.iplt           0x0000000008002648        0x0
 .iplt          0x0000000008002648        0x0 /home/almostdeveloper/riot/examples/FirstLesson/bin/stm32f0discovery/cpu/vectors.o

.igot.plt       0x0000000008002648        0x0
 .igot.plt      0x0000000008002648        0x0 /home/almostdeveloper/riot/examples/FirstLesson/bin/stm32f0discovery/cpu/vectors.o

.rel.dyn        0x0000000008002648        0x0
 .rel.iplt      0x0000000008002648        0x0 /home/almostdeveloper/riot/examples/FirstLesson/bin/stm32f0discovery/cpu/vectors.o

.ARM.exidx
 *(.ARM.exidx* .gnu.linkonce.armexidx.*)
                [!provide]                        PROVIDE (__exidx_end = .)
                0x0000000008002648                . = ALIGN (0x4)

.eh_frame
 *(.eh_frame)
                0x0000000008002648                . = ALIGN (0x4)
                0x0000000008002648                _etext = .

.stack          0x0000000020000000      0x200
 *(.puf)
                0x0000000020000000                . = ALIGN (0x8)
                0x0000000020000000                _sstack = .
 *(.isr_stack)
 .isr_stack     0x0000000020000000      0x200 /home/almostdeveloper/riot/examples/FirstLesson/bin/stm32f0discovery/cortexm_common/vectors_cortexm.o
                0x0000000020000000                isr_stack
                0x0000000020000200                . = ALIGN (0x8)
                0x0000000020000200                _estack = .

.relocate       0x0000000020000200       0x78 load address 0x0000000008002648
                0x0000000020000200                . = ALIGN (0x4)
                0x0000000020000200                _srelocate = .
 *(.ramfunc .ramfunc.*)
 *(.data .data.*)
 .data.heap_top
                0x0000000020000200        0x4 /home/almostdeveloper/riot/examples/FirstLesson/bin/stm32f0discovery/newlib_syscalls_default/syscalls.o
                0x0000000020000200                heap_top
 .data.idle_name
                0x0000000020000204        0x4 /home/almostdeveloper/riot/examples/FirstLesson/bin/stm32f0discovery/core/kernel_init.o
                0x0000000020000204                idle_name
 .data.main_name
                0x0000000020000208        0x4 /home/almostdeveloper/riot/examples/FirstLesson/bin/stm32f0discovery/core/kernel_init.o
                0x0000000020000208                main_name
 .data.pm_blocker
                0x000000002000020c        0x4 /home/almostdeveloper/riot/examples/FirstLesson/bin/stm32f0discovery/pm_layered/pm.o
                0x000000002000020c                pm_blocker
 .data._impure_ptr
                0x0000000020000210        0x4 /usr/bin/../lib/gcc/arm-none-eabi/7.3.1/../../../../arm-none-eabi/lib/thumb/v6-m/libc_nano.a(lib_a-impure.o)
                0x0000000020000210                _impure_ptr
 .data.impure_data
                0x0000000020000214       0x60 /usr/bin/../lib/gcc/arm-none-eabi/7.3.1/../../../../arm-none-eabi/lib/thumb/v6-m/libc_nano.a(lib_a-impure.o)
 *(.openocd .openocd.*)
 .openocd       0x0000000020000274        0x2 /home/almostdeveloper/riot/examples/FirstLesson/bin/stm32f0discovery/core/sched.o
                0x0000000020000274                _tcb_name_offset
                0x0000000020000275                max_threads
                0x0000000020000278                . = ALIGN (0x4)
 *fill*         0x0000000020000276        0x2 
                0x0000000020000278                _erelocate = .

.bss            0x0000000020000278      0xe18 load address 0x00000000080026c0
                0x0000000020000278                . = ALIGN (0x4)
                0x0000000020000278                _sbss = .
                0x0000000020000278                _szero = .
 *(.bss .bss.*)
 .bss.runqueue_bitcache
                0x0000000020000278        0x4 /home/almostdeveloper/riot/examples/FirstLesson/bin/stm32f0discovery/core/sched.o
 .bss.sched_active_pid
                0x000000002000027c        0x2 /home/almostdeveloper/riot/examples/FirstLesson/bin/stm32f0discovery/core/sched.o
                0x000000002000027c                sched_active_pid
 *fill*         0x000000002000027e        0x2 
 .bss.sched_active_thread
                0x0000000020000280        0x4 /home/almostdeveloper/riot/examples/FirstLesson/bin/stm32f0discovery/core/sched.o
                0x0000000020000280                sched_active_thread
 .bss.sched_context_switch_request
                0x0000000020000284        0x4 /home/almostdeveloper/riot/examples/FirstLesson/bin/stm32f0discovery/core/sched.o
                0x0000000020000284                sched_context_switch_request
 .bss.sched_num_threads
                0x0000000020000288        0x4 /home/almostdeveloper/riot/examples/FirstLesson/bin/stm32f0discovery/core/sched.o
                0x0000000020000288                sched_num_threads
 .bss.sched_runqueues
                0x000000002000028c       0x40 /home/almostdeveloper/riot/examples/FirstLesson/bin/stm32f0discovery/core/sched.o
                0x000000002000028c                sched_runqueues
 .bss.sched_threads
                0x00000000200002cc       0x84 /home/almostdeveloper/riot/examples/FirstLesson/bin/stm32f0discovery/core/sched.o
                0x00000000200002cc                sched_threads
 .bss.isr_ctx   0x0000000020000350       0x18 /home/almostdeveloper/riot/examples/FirstLesson/bin/stm32f0discovery/stm32_common_periph/uart.o
 .bss._in_handler
                0x0000000020000368        0x4 /home/almostdeveloper/riot/examples/FirstLesson/bin/stm32f0discovery/xtimer/xtimer_core.o
 .bss._long_cnt
                0x000000002000036c        0x4 /home/almostdeveloper/riot/examples/FirstLesson/bin/stm32f0discovery/xtimer/xtimer_core.o
 .bss.long_list_head
                0x0000000020000370        0x4 /home/almostdeveloper/riot/examples/FirstLesson/bin/stm32f0discovery/xtimer/xtimer_core.o
 .bss.overflow_list_head
                0x0000000020000374        0x4 /home/almostdeveloper/riot/examples/FirstLesson/bin/stm32f0discovery/xtimer/xtimer_core.o
 .bss.timer_list_head
                0x0000000020000378        0x4 /home/almostdeveloper/riot/examples/FirstLesson/bin/stm32f0discovery/xtimer/xtimer_core.o
 .bss.crashed   0x000000002000037c        0x4 /home/almostdeveloper/riot/examples/FirstLesson/bin/stm32f0discovery/core/panic.o
 .bss.idle_stack
                0x0000000020000380      0x100 /home/almostdeveloper/riot/examples/FirstLesson/bin/stm32f0discovery/core/kernel_init.o
 .bss.main_stack
                0x0000000020000480      0x600 /home/almostdeveloper/riot/examples/FirstLesson/bin/stm32f0discovery/core/kernel_init.o
 .bss.isr_ctx   0x0000000020000a80        0x8 /home/almostdeveloper/riot/examples/FirstLesson/bin/stm32f0discovery/stm32_common_periph/timer.o
 .bss.stack     0x0000000020000a88      0x600 /home/almostdeveloper/riot/examples/FirstLesson/bin/stm32f0discovery/application_hello-world/main.o
                0x0000000020000a88                stack
 .bss.__malloc_free_list
                0x0000000020001088        0x4 /usr/bin/../lib/gcc/arm-none-eabi/7.3.1/../../../../arm-none-eabi/lib/thumb/v6-m/libc_nano.a(lib_a-nano-mallocr.o)
                0x0000000020001088                __malloc_free_list
 .bss.__malloc_sbrk_start
                0x000000002000108c        0x4 /usr/bin/../lib/gcc/arm-none-eabi/7.3.1/../../../../arm-none-eabi/lib/thumb/v6-m/libc_nano.a(lib_a-nano-mallocr.o)
                0x000000002000108c                __malloc_sbrk_start
 *(COMMON)
                0x0000000020001090                . = ALIGN (0x4)
                0x0000000020001090                _ebss = .
                0x0000000020001090                _ezero = .

.noinit         0x0000000020001090        0x0 load address 0x00000000080026c0
                0x0000000020001090                __noinit_start = .
 *(.noinit)
                0x0000000020001090                . = ALIGN (0x4)
                0x0000000020001090                __noinit_end = .
                0x0000000020001090                . = ALIGN (0x4)
                0x0000000020001090                _sheap = .
                0x0000000020002000                _eheap = (ORIGIN (ram) + LENGTH (ram))
                0x0000000020000000                _sram = ORIGIN (ram)
                0x0000000020002000                _eram = (ORIGIN (ram) + LENGTH (ram))
                0x00000000080026c0                _sbackup_data_load = LOADADDR (.backup.data)

.backup.data    0x0000000000000000        0x0 load address 0x00000000080026c0
                0x0000000000000000                _sbackup_data = .
 *(.backup.data)
                0x0000000000000000                _ebackup_data = .
                0x0000000000000000                . = ALIGN (0x4)

.backup.bss     0x0000000000000000        0x0 load address 0x00000000080026c0
                0x0000000000000000                _sbackup_bss = .
 *(.backup.bss)
                0x0000000000000000                _ebackup_bss = .
                0x0000000000000000                . = ALIGN (0x4)
OUTPUT(/home/almostdeveloper/riot/examples/FirstLesson/bin/stm32f0discovery/hello-world.elf elf32-littlearm)

.debug_info     0x0000000000000000    0x1d482
 .debug_info    0x0000000000000000       0xd7 /home/almostdeveloper/riot/examples/FirstLesson/bin/stm32f0discovery/cpu/vectors.o
 .debug_info    0x00000000000000d7     0x1ba9 /home/almostdeveloper/riot/examples/FirstLesson/bin/stm32f0discovery/newlib_syscalls_default/syscalls.o
 .debug_info    0x0000000000001c80      0xe44 /home/almostdeveloper/riot/examples/FirstLesson/bin/stm32f0discovery/core/sched.o
 .debug_info    0x0000000000002ac4      0x936 /home/almostdeveloper/riot/examples/FirstLesson/bin/stm32f0discovery/core/bitarithm.o
 .debug_info    0x00000000000033fa      0xee2 /home/almostdeveloper/riot/examples/FirstLesson/bin/stm32f0discovery/cortexm_common/thread_arch.o
 .debug_info    0x00000000000042dc     0x108d /home/almostdeveloper/riot/examples/FirstLesson/bin/stm32f0discovery/cortexm_common/vectors_cortexm.o
 .debug_info    0x0000000000005369      0xccc /home/almostdeveloper/riot/examples/FirstLesson/bin/stm32f0discovery/cortexm_common/irq_arch.o
 .debug_info    0x0000000000006035     0x123b /home/almostdeveloper/riot/examples/FirstLesson/bin/stm32f0discovery/stdio_uart/stdio_uart.o
 .debug_info    0x0000000000007270     0x19de /home/almostdeveloper/riot/examples/FirstLesson/bin/stm32f0discovery/stm32_common_periph/uart.o
 .debug_info    0x0000000000008c4e      0xd32 /home/almostdeveloper/riot/examples/FirstLesson/bin/stm32f0discovery/stm32_common_periph/pm.o
 .debug_info    0x0000000000009980     0x165a /home/almostdeveloper/riot/examples/FirstLesson/bin/stm32f0discovery/stm32_common_periph/gpio.o
 .debug_info    0x000000000000afda     0x1d9b /home/almostdeveloper/riot/examples/FirstLesson/bin/stm32f0discovery/xtimer/xtimer_core.o
 .debug_info    0x000000000000cd75     0x115e /home/almostdeveloper/riot/examples/FirstLesson/bin/stm32f0discovery/board/board.o
 .debug_info    0x000000000000ded3      0xd00 /home/almostdeveloper/riot/examples/FirstLesson/bin/stm32f0discovery/core/panic.o
 .debug_info    0x000000000000ebd3      0xd82 /home/almostdeveloper/riot/examples/FirstLesson/bin/stm32f0discovery/core/kernel_init.o
 .debug_info    0x000000000000f955     0x11d1 /home/almostdeveloper/riot/examples/FirstLesson/bin/stm32f0discovery/core/thread.o
 .debug_info    0x0000000000010b26      0xd36 /home/almostdeveloper/riot/examples/FirstLesson/bin/stm32f0discovery/pm_layered/pm.o
 .debug_info    0x000000000001185c     0x125f /home/almostdeveloper/riot/examples/FirstLesson/bin/stm32f0discovery/stm32_common/stmclk.o
 .debug_info    0x0000000000012abb     0x11f1 /home/almostdeveloper/riot/examples/FirstLesson/bin/stm32f0discovery/stm32_common/stmclk_common.o
 .debug_info    0x0000000000013cac      0xe80 /home/almostdeveloper/riot/examples/FirstLesson/bin/stm32f0discovery/stm32_common/cpu_init.o
 .debug_info    0x0000000000014b2c     0x1285 /home/almostdeveloper/riot/examples/FirstLesson/bin/stm32f0discovery/stm32_common/cpu_common.o
 .debug_info    0x0000000000015db1     0x1629 /home/almostdeveloper/riot/examples/FirstLesson/bin/stm32f0discovery/stm32_common_periph/timer.o
 .debug_info    0x00000000000173da       0x3b /home/almostdeveloper/riot/examples/FirstLesson/bin/stm32f0discovery/periph_common/init.o
 .debug_info    0x0000000000017415     0x12ec /home/almostdeveloper/riot/examples/FirstLesson/bin/stm32f0discovery/application_hello-world/main.o
 .debug_info    0x0000000000018701     0x10bb /home/almostdeveloper/riot/examples/FirstLesson/bin/stm32f0discovery/auto_init/auto_init.o
 .debug_info    0x00000000000197bc      0xf6f /home/almostdeveloper/riot/examples/FirstLesson/bin/stm32f0discovery/cortexm_common/cortexm_init.o
 .debug_info    0x000000000001a72b     0x1eaf /home/almostdeveloper/riot/examples/FirstLesson/bin/stm32f0discovery/xtimer/xtimer.o
 .debug_info    0x000000000001c5da      0xea8 /home/almostdeveloper/riot/examples/FirstLesson/bin/stm32f0discovery/core/mutex.o

.debug_abbrev   0x0000000000000000     0x4a30
 .debug_abbrev  0x0000000000000000       0xaa /home/almostdeveloper/riot/examples/FirstLesson/bin/stm32f0discovery/cpu/vectors.o
 .debug_abbrev  0x00000000000000aa      0x431 /home/almostdeveloper/riot/examples/FirstLesson/bin/stm32f0discovery/newlib_syscalls_default/syscalls.o
 .debug_abbrev  0x00000000000004db      0x32f /home/almostdeveloper/riot/examples/FirstLesson/bin/stm32f0discovery/core/sched.o
 .debug_abbrev  0x000000000000080a      0x1bf /home/almostdeveloper/riot/examples/FirstLesson/bin/stm32f0discovery/core/bitarithm.o
 .debug_abbrev  0x00000000000009c9      0x317 /home/almostdeveloper/riot/examples/FirstLesson/bin/stm32f0discovery/cortexm_common/thread_arch.o
 .debug_abbrev  0x0000000000000ce0      0x350 /home/almostdeveloper/riot/examples/FirstLesson/bin/stm32f0discovery/cortexm_common/vectors_cortexm.o
 .debug_abbrev  0x0000000000001030      0x289 /home/almostdeveloper/riot/examples/FirstLesson/bin/stm32f0discovery/cortexm_common/irq_arch.o
 .debug_abbrev  0x00000000000012b9      0x24a /home/almostdeveloper/riot/examples/FirstLesson/bin/stm32f0discovery/stdio_uart/stdio_uart.o
 .debug_abbrev  0x0000000000001503      0x40b /home/almostdeveloper/riot/examples/FirstLesson/bin/stm32f0discovery/stm32_common_periph/uart.o
 .debug_abbrev  0x000000000000190e      0x27a /home/almostdeveloper/riot/examples/FirstLesson/bin/stm32f0discovery/stm32_common_periph/pm.o
 .debug_abbrev  0x0000000000001b88      0x2c5 /home/almostdeveloper/riot/examples/FirstLesson/bin/stm32f0discovery/stm32_common_periph/gpio.o
 .debug_abbrev  0x0000000000001e4d      0x505 /home/almostdeveloper/riot/examples/FirstLesson/bin/stm32f0discovery/xtimer/xtimer_core.o
 .debug_abbrev  0x0000000000002352      0x205 /home/almostdeveloper/riot/examples/FirstLesson/bin/stm32f0discovery/board/board.o
 .debug_abbrev  0x0000000000002557      0x270 /home/almostdeveloper/riot/examples/FirstLesson/bin/stm32f0discovery/core/panic.o
 .debug_abbrev  0x00000000000027c7      0x241 /home/almostdeveloper/riot/examples/FirstLesson/bin/stm32f0discovery/core/kernel_init.o
 .debug_abbrev  0x0000000000002a08      0x346 /home/almostdeveloper/riot/examples/FirstLesson/bin/stm32f0discovery/core/thread.o
 .debug_abbrev  0x0000000000002d4e      0x218 /home/almostdeveloper/riot/examples/FirstLesson/bin/stm32f0discovery/pm_layered/pm.o
 .debug_abbrev  0x0000000000002f66      0x207 /home/almostdeveloper/riot/examples/FirstLesson/bin/stm32f0discovery/stm32_common/stmclk.o
 .debug_abbrev  0x000000000000316d      0x1c3 /home/almostdeveloper/riot/examples/FirstLesson/bin/stm32f0discovery/stm32_common/stmclk_common.o
 .debug_abbrev  0x0000000000003330      0x277 /home/almostdeveloper/riot/examples/FirstLesson/bin/stm32f0discovery/stm32_common/cpu_init.o
 .debug_abbrev  0x00000000000035a7      0x28e /home/almostdeveloper/riot/examples/FirstLesson/bin/stm32f0discovery/stm32_common/cpu_common.o
 .debug_abbrev  0x0000000000003835      0x382 /home/almostdeveloper/riot/examples/FirstLesson/bin/stm32f0discovery/stm32_common_periph/timer.o
 .debug_abbrev  0x0000000000003bb7       0x2f /home/almostdeveloper/riot/examples/FirstLesson/bin/stm32f0discovery/periph_common/init.o
 .debug_abbrev  0x0000000000003be6      0x290 /home/almostdeveloper/riot/examples/FirstLesson/bin/stm32f0discovery/application_hello-world/main.o
 .debug_abbrev  0x0000000000003e76      0x1e1 /home/almostdeveloper/riot/examples/FirstLesson/bin/stm32f0discovery/auto_init/auto_init.o
 .debug_abbrev  0x0000000000004057      0x2de /home/almostdeveloper/riot/examples/FirstLesson/bin/stm32f0discovery/cortexm_common/cortexm_init.o
 .debug_abbrev  0x0000000000004335      0x43e /home/almostdeveloper/riot/examples/FirstLesson/bin/stm32f0discovery/xtimer/xtimer.o
 .debug_abbrev  0x0000000000004773      0x2bd /home/almostdeveloper/riot/examples/FirstLesson/bin/stm32f0discovery/core/mutex.o

.debug_aranges  0x0000000000000000      0x718
 .debug_aranges
                0x0000000000000000       0x20 /home/almostdeveloper/riot/examples/FirstLesson/bin/stm32f0discovery/cpu/vectors.o
 .debug_aranges
                0x0000000000000020       0xc0 /home/almostdeveloper/riot/examples/FirstLesson/bin/stm32f0discovery/newlib_syscalls_default/syscalls.o
 .debug_aranges
                0x00000000000000e0       0x38 /home/almostdeveloper/riot/examples/FirstLesson/bin/stm32f0discovery/core/sched.o
 .debug_aranges
                0x0000000000000118       0x28 /home/almostdeveloper/riot/examples/FirstLesson/bin/stm32f0discovery/core/bitarithm.o
 .debug_aranges
                0x0000000000000140       0x60 /home/almostdeveloper/riot/examples/FirstLesson/bin/stm32f0discovery/cortexm_common/thread_arch.o
 .debug_aranges
                0x00000000000001a0       0x48 /home/almostdeveloper/riot/examples/FirstLesson/bin/stm32f0discovery/cortexm_common/vectors_cortexm.o
 .debug_aranges
                0x00000000000001e8       0x38 /home/almostdeveloper/riot/examples/FirstLesson/bin/stm32f0discovery/cortexm_common/irq_arch.o
 .debug_aranges
                0x0000000000000220       0x30 /home/almostdeveloper/riot/examples/FirstLesson/bin/stm32f0discovery/stdio_uart/stdio_uart.o
 .debug_aranges
                0x0000000000000250       0x58 /home/almostdeveloper/riot/examples/FirstLesson/bin/stm32f0discovery/stm32_common_periph/uart.o
 .debug_aranges
                0x00000000000002a8       0x28 /home/almostdeveloper/riot/examples/FirstLesson/bin/stm32f0discovery/stm32_common_periph/pm.o
 .debug_aranges
                0x00000000000002d0       0x68 /home/almostdeveloper/riot/examples/FirstLesson/bin/stm32f0discovery/stm32_common_periph/gpio.o
 .debug_aranges
                0x0000000000000338       0x78 /home/almostdeveloper/riot/examples/FirstLesson/bin/stm32f0discovery/xtimer/xtimer_core.o
 .debug_aranges
                0x00000000000003b0       0x20 /home/almostdeveloper/riot/examples/FirstLesson/bin/stm32f0discovery/board/board.o
 .debug_aranges
                0x00000000000003d0       0x28 /home/almostdeveloper/riot/examples/FirstLesson/bin/stm32f0discovery/core/panic.o
 .debug_aranges
                0x00000000000003f8       0x30 /home/almostdeveloper/riot/examples/FirstLesson/bin/stm32f0discovery/core/kernel_init.o
 .debug_aranges
                0x0000000000000428       0x60 /home/almostdeveloper/riot/examples/FirstLesson/bin/stm32f0discovery/core/thread.o
 .debug_aranges
                0x0000000000000488       0x30 /home/almostdeveloper/riot/examples/FirstLesson/bin/stm32f0discovery/pm_layered/pm.o
 .debug_aranges
                0x00000000000004b8       0x20 /home/almostdeveloper/riot/examples/FirstLesson/bin/stm32f0discovery/stm32_common/stmclk.o
 .debug_aranges
                0x00000000000004d8       0x48 /home/almostdeveloper/riot/examples/FirstLesson/bin/stm32f0discovery/stm32_common/stmclk_common.o
 .debug_aranges
                0x0000000000000520       0x20 /home/almostdeveloper/riot/examples/FirstLesson/bin/stm32f0discovery/stm32_common/cpu_init.o
 .debug_aranges
                0x0000000000000540       0x38 /home/almostdeveloper/riot/examples/FirstLesson/bin/stm32f0discovery/stm32_common/cpu_common.o
 .debug_aranges
                0x0000000000000578       0x50 /home/almostdeveloper/riot/examples/FirstLesson/bin/stm32f0discovery/stm32_common_periph/timer.o
 .debug_aranges
                0x00000000000005c8       0x20 /home/almostdeveloper/riot/examples/FirstLesson/bin/stm32f0discovery/periph_common/init.o
 .debug_aranges
                0x00000000000005e8       0x28 /home/almostdeveloper/riot/examples/FirstLesson/bin/stm32f0discovery/application_hello-world/main.o
 .debug_aranges
                0x0000000000000610       0x20 /home/almostdeveloper/riot/examples/FirstLesson/bin/stm32f0discovery/auto_init/auto_init.o
 .debug_aranges
                0x0000000000000630       0x28 /home/almostdeveloper/riot/examples/FirstLesson/bin/stm32f0discovery/cortexm_common/cortexm_init.o
 .debug_aranges
                0x0000000000000658       0x90 /home/almostdeveloper/riot/examples/FirstLesson/bin/stm32f0discovery/xtimer/xtimer.o
 .debug_aranges
                0x00000000000006e8       0x30 /home/almostdeveloper/riot/examples/FirstLesson/bin/stm32f0discovery/core/mutex.o

.debug_ranges   0x0000000000000000      0xc80
 .debug_ranges  0x0000000000000000       0x10 /home/almostdeveloper/riot/examples/FirstLesson/bin/stm32f0discovery/cpu/vectors.o
 .debug_ranges  0x0000000000000010       0xf0 /home/almostdeveloper/riot/examples/FirstLesson/bin/stm32f0discovery/newlib_syscalls_default/syscalls.o
 .debug_ranges  0x0000000000000100       0x90 /home/almostdeveloper/riot/examples/FirstLesson/bin/stm32f0discovery/core/sched.o
 .debug_ranges  0x0000000000000190       0x18 /home/almostdeveloper/riot/examples/FirstLesson/bin/stm32f0discovery/core/bitarithm.o
 .debug_ranges  0x00000000000001a8       0x68 /home/almostdeveloper/riot/examples/FirstLesson/bin/stm32f0discovery/cortexm_common/thread_arch.o
 .debug_ranges  0x0000000000000210       0x38 /home/almostdeveloper/riot/examples/FirstLesson/bin/stm32f0discovery/cortexm_common/vectors_cortexm.o
 .debug_ranges  0x0000000000000248       0x28 /home/almostdeveloper/riot/examples/FirstLesson/bin/stm32f0discovery/cortexm_common/irq_arch.o
 .debug_ranges  0x0000000000000270       0x20 /home/almostdeveloper/riot/examples/FirstLesson/bin/stm32f0discovery/stdio_uart/stdio_uart.o
 .debug_ranges  0x0000000000000290      0x140 /home/almostdeveloper/riot/examples/FirstLesson/bin/stm32f0discovery/stm32_common_periph/uart.o
 .debug_ranges  0x00000000000003d0       0x38 /home/almostdeveloper/riot/examples/FirstLesson/bin/stm32f0discovery/stm32_common_periph/pm.o
 .debug_ranges  0x0000000000000408      0x128 /home/almostdeveloper/riot/examples/FirstLesson/bin/stm32f0discovery/stm32_common_periph/gpio.o
 .debug_ranges  0x0000000000000530      0x210 /home/almostdeveloper/riot/examples/FirstLesson/bin/stm32f0discovery/xtimer/xtimer_core.o
 .debug_ranges  0x0000000000000740       0x10 /home/almostdeveloper/riot/examples/FirstLesson/bin/stm32f0discovery/board/board.o
 .debug_ranges  0x0000000000000750       0x18 /home/almostdeveloper/riot/examples/FirstLesson/bin/stm32f0discovery/core/panic.o
 .debug_ranges  0x0000000000000768       0x20 /home/almostdeveloper/riot/examples/FirstLesson/bin/stm32f0discovery/core/kernel_init.o
 .debug_ranges  0x0000000000000788       0x98 /home/almostdeveloper/riot/examples/FirstLesson/bin/stm32f0discovery/core/thread.o
 .debug_ranges  0x0000000000000820       0x20 /home/almostdeveloper/riot/examples/FirstLesson/bin/stm32f0discovery/pm_layered/pm.o
 .debug_ranges  0x0000000000000840       0x10 /home/almostdeveloper/riot/examples/FirstLesson/bin/stm32f0discovery/stm32_common/stmclk.o
 .debug_ranges  0x0000000000000850       0x38 /home/almostdeveloper/riot/examples/FirstLesson/bin/stm32f0discovery/stm32_common/stmclk_common.o
 .debug_ranges  0x0000000000000888       0x38 /home/almostdeveloper/riot/examples/FirstLesson/bin/stm32f0discovery/stm32_common/cpu_init.o
 .debug_ranges  0x00000000000008c0       0x28 /home/almostdeveloper/riot/examples/FirstLesson/bin/stm32f0discovery/stm32_common/cpu_common.o
 .debug_ranges  0x00000000000008e8       0x78 /home/almostdeveloper/riot/examples/FirstLesson/bin/stm32f0discovery/stm32_common_periph/timer.o
 .debug_ranges  0x0000000000000960       0x10 /home/almostdeveloper/riot/examples/FirstLesson/bin/stm32f0discovery/periph_common/init.o
 .debug_ranges  0x0000000000000970       0x18 /home/almostdeveloper/riot/examples/FirstLesson/bin/stm32f0discovery/application_hello-world/main.o
 .debug_ranges  0x0000000000000988       0x10 /home/almostdeveloper/riot/examples/FirstLesson/bin/stm32f0discovery/auto_init/auto_init.o
 .debug_ranges  0x0000000000000998       0xa0 /home/almostdeveloper/riot/examples/FirstLesson/bin/stm32f0discovery/cortexm_common/cortexm_init.o
 .debug_ranges  0x0000000000000a38      0x1c8 /home/almostdeveloper/riot/examples/FirstLesson/bin/stm32f0discovery/xtimer/xtimer.o
 .debug_ranges  0x0000000000000c00       0x80 /home/almostdeveloper/riot/examples/FirstLesson/bin/stm32f0discovery/core/mutex.o

.debug_macro    0x0000000000000000    0x1f7ff
 .debug_macro   0x0000000000000000       0xe0 /home/almostdeveloper/riot/examples/FirstLesson/bin/stm32f0discovery/cpu/vectors.o
 .debug_macro   0x00000000000000e0      0xa90 /home/almostdeveloper/riot/examples/FirstLesson/bin/stm32f0discovery/cpu/vectors.o
 .debug_macro   0x0000000000000b70       0xe8 /home/almostdeveloper/riot/examples/FirstLesson/bin/stm32f0discovery/cpu/vectors.o
 .debug_macro   0x0000000000000c58       0x2e /home/almostdeveloper/riot/examples/FirstLesson/bin/stm32f0discovery/cpu/vectors.o
 .debug_macro   0x0000000000000c86       0x2e /home/almostdeveloper/riot/examples/FirstLesson/bin/stm32f0discovery/cpu/vectors.o
 .debug_macro   0x0000000000000cb4       0x22 /home/almostdeveloper/riot/examples/FirstLesson/bin/stm32f0discovery/cpu/vectors.o
 .debug_macro   0x0000000000000cd6       0x22 /home/almostdeveloper/riot/examples/FirstLesson/bin/stm32f0discovery/cpu/vectors.o
 .debug_macro   0x0000000000000cf8       0x56 /home/almostdeveloper/riot/examples/FirstLesson/bin/stm32f0discovery/cpu/vectors.o
 .debug_macro   0x0000000000000d4e       0x51 /home/almostdeveloper/riot/examples/FirstLesson/bin/stm32f0discovery/cpu/vectors.o
 .debug_macro   0x0000000000000d9f       0xef /home/almostdeveloper/riot/examples/FirstLesson/bin/stm32f0discovery/cpu/vectors.o
 .debug_macro   0x0000000000000e8e       0x6a /home/almostdeveloper/riot/examples/FirstLesson/bin/stm32f0discovery/cpu/vectors.o
 .debug_macro   0x0000000000000ef8      0x1df /home/almostdeveloper/riot/examples/FirstLesson/bin/stm32f0discovery/cpu/vectors.o
 .debug_macro   0x00000000000010d7       0x1c /home/almostdeveloper/riot/examples/FirstLesson/bin/stm32f0discovery/cpu/vectors.o
 .debug_macro   0x00000000000010f3       0x22 /home/almostdeveloper/riot/examples/FirstLesson/bin/stm32f0discovery/cpu/vectors.o
 .debug_macro   0x0000000000001115       0xb5 /home/almostdeveloper/riot/examples/FirstLesson/bin/stm32f0discovery/cpu/vectors.o
 .debug_macro   0x00000000000011ca      0x391 /home/almostdeveloper/riot/examples/FirstLesson/bin/stm32f0discovery/cpu/vectors.o
 .debug_macro   0x000000000000155b     0x3dc2 /home/almostdeveloper/riot/examples/FirstLesson/bin/stm32f0discovery/cpu/vectors.o
 .debug_macro   0x000000000000531d       0x35 /home/almostdeveloper/riot/examples/FirstLesson/bin/stm32f0discovery/cpu/vectors.o
 .debug_macro   0x0000000000005352       0x28 /home/almostdeveloper/riot/examples/FirstLesson/bin/stm32f0discovery/cpu/vectors.o
 .debug_macro   0x000000000000537a       0x16 /home/almostdeveloper/riot/examples/FirstLesson/bin/stm32f0discovery/cpu/vectors.o
 .debug_macro   0x0000000000005390      0x4bb /home/almostdeveloper/riot/examples/FirstLesson/bin/stm32f0discovery/newlib_syscalls_default/syscalls.o
 .debug_macro   0x000000000000584b      0xa90 /home/almostdeveloper/riot/examples/FirstLesson/bin/stm32f0discovery/newlib_syscalls_default/syscalls.o
 .debug_macro   0x00000000000062db       0x40 /home/almostdeveloper/riot/examples/FirstLesson/bin/stm32f0discovery/newlib_syscalls_default/syscalls.o
 .debug_macro   0x000000000000631b       0x18 /home/almostdeveloper/riot/examples/FirstLesson/bin/stm32f0discovery/newlib_syscalls_default/syscalls.o
 .debug_macro   0x0000000000006333       0x5c /home/almostdeveloper/riot/examples/FirstLesson/bin/stm32f0discovery/newlib_syscalls_default/syscalls.o
 .debug_macro   0x000000000000638f       0x3c /home/almostdeveloper/riot/examples/FirstLesson/bin/stm32f0discovery/newlib_syscalls_default/syscalls.o
 .debug_macro   0x00000000000063cb       0x34 /home/almostdeveloper/riot/examples/FirstLesson/bin/stm32f0discovery/newlib_syscalls_default/syscalls.o
 .debug_macro   0x00000000000063ff       0x10 /home/almostdeveloper/riot/examples/FirstLesson/bin/stm32f0discovery/newlib_syscalls_default/syscalls.o
 .debug_macro   0x000000000000640f       0x57 /home/almostdeveloper/riot/examples/FirstLesson/bin/stm32f0discovery/newlib_syscalls_default/syscalls.o
 .debug_macro   0x0000000000006466       0xcf /home/almostdeveloper/riot/examples/FirstLesson/bin/stm32f0discovery/newlib_syscalls_default/syscalls.o
 .debug_macro   0x0000000000006535      0x353 /home/almostdeveloper/riot/examples/FirstLesson/bin/stm32f0discovery/newlib_syscalls_default/syscalls.o
 .debug_macro   0x0000000000006888       0x10 /home/almostdeveloper/riot/examples/FirstLesson/bin/stm32f0discovery/newlib_syscalls_default/syscalls.o
 .debug_macro   0x0000000000006898       0xb7 /home/almostdeveloper/riot/examples/FirstLesson/bin/stm32f0discovery/newlib_syscalls_default/syscalls.o
 .debug_macro   0x000000000000694f       0x52 /home/almostdeveloper/riot/examples/FirstLesson/bin/stm32f0discovery/newlib_syscalls_default/syscalls.o
 .debug_macro   0x00000000000069a1       0x1f /home/almostdeveloper/riot/examples/FirstLesson/bin/stm32f0discovery/newlib_syscalls_default/syscalls.o
 .debug_macro   0x00000000000069c0       0x43 /home/almostdeveloper/riot/examples/FirstLesson/bin/stm32f0discovery/newlib_syscalls_default/syscalls.o
 .debug_macro   0x0000000000006a03       0x20 /home/almostdeveloper/riot/examples/FirstLesson/bin/stm32f0discovery/newlib_syscalls_default/syscalls.o
 .debug_macro   0x0000000000006a23       0xb6 /home/almostdeveloper/riot/examples/FirstLesson/bin/stm32f0discovery/newlib_syscalls_default/syscalls.o
 .debug_macro   0x0000000000006ad9      0x4fe /home/almostdeveloper/riot/examples/FirstLesson/bin/stm32f0discovery/newlib_syscalls_default/syscalls.o
 .debug_macro   0x0000000000006fd7      0x1a3 /home/almostdeveloper/riot/examples/FirstLesson/bin/stm32f0discovery/newlib_syscalls_default/syscalls.o
 .debug_macro   0x000000000000717a       0x10 /home/almostdeveloper/riot/examples/FirstLesson/bin/stm32f0discovery/newlib_syscalls_default/syscalls.o
 .debug_macro   0x000000000000718a       0x35 /home/almostdeveloper/riot/examples/FirstLesson/bin/stm32f0discovery/newlib_syscalls_default/syscalls.o
 .debug_macro   0x00000000000071bf       0x10 /home/almostdeveloper/riot/examples/FirstLesson/bin/stm32f0discovery/newlib_syscalls_default/syscalls.o
 .debug_macro   0x00000000000071cf      0x241 /home/almostdeveloper/riot/examples/FirstLesson/bin/stm32f0discovery/newlib_syscalls_default/syscalls.o
 .debug_macro   0x0000000000007410       0x10 /home/almostdeveloper/riot/examples/FirstLesson/bin/stm32f0discovery/newlib_syscalls_default/syscalls.o
 .debug_macro   0x0000000000007420       0x3c /home/almostdeveloper/riot/examples/FirstLesson/bin/stm32f0discovery/newlib_syscalls_default/syscalls.o
 .debug_macro   0x000000000000745c       0x16 /home/almostdeveloper/riot/examples/FirstLesson/bin/stm32f0discovery/newlib_syscalls_default/syscalls.o
 .debug_macro   0x0000000000007472       0x10 /home/almostdeveloper/riot/examples/FirstLesson/bin/stm32f0discovery/newlib_syscalls_default/syscalls.o
 .debug_macro   0x0000000000007482       0x16 /home/almostdeveloper/riot/examples/FirstLesson/bin/stm32f0discovery/newlib_syscalls_default/syscalls.o
 .debug_macro   0x0000000000007498       0xff /home/almostdeveloper/riot/examples/FirstLesson/bin/stm32f0discovery/newlib_syscalls_default/syscalls.o
 .debug_macro   0x0000000000007597       0x16 /home/almostdeveloper/riot/examples/FirstLesson/bin/stm32f0discovery/newlib_syscalls_default/syscalls.o
 .debug_macro   0x00000000000075ad       0x22 /home/almostdeveloper/riot/examples/FirstLesson/bin/stm32f0discovery/newlib_syscalls_default/syscalls.o
 .debug_macro   0x00000000000075cf       0x16 /home/almostdeveloper/riot/examples/FirstLesson/bin/stm32f0discovery/newlib_syscalls_default/syscalls.o
 .debug_macro   0x00000000000075e5       0x16 /home/almostdeveloper/riot/examples/FirstLesson/bin/stm32f0discovery/newlib_syscalls_default/syscalls.o
 .debug_macro   0x00000000000075fb       0x10 /home/almostdeveloper/riot/examples/FirstLesson/bin/stm32f0discovery/newlib_syscalls_default/syscalls.o
 .debug_macro   0x000000000000760b       0x10 /home/almostdeveloper/riot/examples/FirstLesson/bin/stm32f0discovery/newlib_syscalls_default/syscalls.o
 .debug_macro   0x000000000000761b       0x2e /home/almostdeveloper/riot/examples/FirstLesson/bin/stm32f0discovery/newlib_syscalls_default/syscalls.o
 .debug_macro   0x0000000000007649       0xf5 /home/almostdeveloper/riot/examples/FirstLesson/bin/stm32f0discovery/newlib_syscalls_default/syscalls.o
 .debug_macro   0x000000000000773e       0x22 /home/almostdeveloper/riot/examples/FirstLesson/bin/stm32f0discovery/newlib_syscalls_default/syscalls.o
 .debug_macro   0x0000000000007760       0x35 /home/almostdeveloper/riot/examples/FirstLesson/bin/stm32f0discovery/newlib_syscalls_default/syscalls.o
 .debug_macro   0x0000000000007795       0xaf /home/almostdeveloper/riot/examples/FirstLesson/bin/stm32f0discovery/newlib_syscalls_default/syscalls.o
 .debug_macro   0x0000000000007844       0xd6 /home/almostdeveloper/riot/examples/FirstLesson/bin/stm32f0discovery/newlib_syscalls_default/syscalls.o
 .debug_macro   0x000000000000791a       0x10 /home/almostdeveloper/riot/examples/FirstLesson/bin/stm32f0discovery/newlib_syscalls_default/syscalls.o
 .debug_macro   0x000000000000792a      0x460 /home/almostdeveloper/riot/examples/FirstLesson/bin/stm32f0discovery/newlib_syscalls_default/syscalls.o
 .debug_macro   0x0000000000007d8a       0x2b /home/almostdeveloper/riot/examples/FirstLesson/bin/stm32f0discovery/newlib_syscalls_default/syscalls.o
 .debug_macro   0x0000000000007db5       0xee /home/almostdeveloper/riot/examples/FirstLesson/bin/stm32f0discovery/newlib_syscalls_default/syscalls.o
 .debug_macro   0x0000000000007ea3       0x28 /home/almostdeveloper/riot/examples/FirstLesson/bin/stm32f0discovery/newlib_syscalls_default/syscalls.o
 .debug_macro   0x0000000000007ecb       0x17 /home/almostdeveloper/riot/examples/FirstLesson/bin/stm32f0discovery/newlib_syscalls_default/syscalls.o
 .debug_macro   0x0000000000007ee2       0x10 /home/almostdeveloper/riot/examples/FirstLesson/bin/stm32f0discovery/newlib_syscalls_default/syscalls.o
 .debug_macro   0x0000000000007ef2       0x12 /home/almostdeveloper/riot/examples/FirstLesson/bin/stm32f0discovery/newlib_syscalls_default/syscalls.o
 .debug_macro   0x0000000000007f04       0x5f /home/almostdeveloper/riot/examples/FirstLesson/bin/stm32f0discovery/newlib_syscalls_default/syscalls.o
 .debug_macro   0x0000000000007f63       0x16 /home/almostdeveloper/riot/examples/FirstLesson/bin/stm32f0discovery/newlib_syscalls_default/syscalls.o
 .debug_macro   0x0000000000007f79       0x58 /home/almostdeveloper/riot/examples/FirstLesson/bin/stm32f0discovery/newlib_syscalls_default/syscalls.o
 .debug_macro   0x0000000000007fd1       0x34 /home/almostdeveloper/riot/examples/FirstLesson/bin/stm32f0discovery/newlib_syscalls_default/syscalls.o
 .debug_macro   0x0000000000008005      0x28c /home/almostdeveloper/riot/examples/FirstLesson/bin/stm32f0discovery/newlib_syscalls_default/syscalls.o
 .debug_macro   0x0000000000008291       0x10 /home/almostdeveloper/riot/examples/FirstLesson/bin/stm32f0discovery/newlib_syscalls_default/syscalls.o
 .debug_macro   0x00000000000082a1       0x10 /home/almostdeveloper/riot/examples/FirstLesson/bin/stm32f0discovery/newlib_syscalls_default/syscalls.o
 .debug_macro   0x00000000000082b1       0x10 /home/almostdeveloper/riot/examples/FirstLesson/bin/stm32f0discovery/newlib_syscalls_default/syscalls.o
 .debug_macro   0x00000000000082c1       0x43 /home/almostdeveloper/riot/examples/FirstLesson/bin/stm32f0discovery/newlib_syscalls_default/syscalls.o
 .debug_macro   0x0000000000008304       0x1c /home/almostdeveloper/riot/examples/FirstLesson/bin/stm32f0discovery/newlib_syscalls_default/syscalls.o
 .debug_macro   0x0000000000008320       0x34 /home/almostdeveloper/riot/examples/FirstLesson/bin/stm32f0discovery/newlib_syscalls_default/syscalls.o
 .debug_macro   0x0000000000008354       0x16 /home/almostdeveloper/riot/examples/FirstLesson/bin/stm32f0discovery/newlib_syscalls_default/syscalls.o
 .debug_macro   0x000000000000836a       0x77 /home/almostdeveloper/riot/examples/FirstLesson/bin/stm32f0discovery/newlib_syscalls_default/syscalls.o
 .debug_macro   0x00000000000083e1       0x58 /home/almostdeveloper/riot/examples/FirstLesson/bin/stm32f0discovery/newlib_syscalls_default/syscalls.o
 .debug_macro   0x0000000000008439       0x10 /home/almostdeveloper/riot/examples/FirstLesson/bin/stm32f0discovery/newlib_syscalls_default/syscalls.o
 .debug_macro   0x0000000000008449       0x10 /home/almostdeveloper/riot/examples/FirstLesson/bin/stm32f0discovery/newlib_syscalls_default/syscalls.o
 .debug_macro   0x0000000000008459      0x302 /home/almostdeveloper/riot/examples/FirstLesson/bin/stm32f0discovery/core/sched.o
 .debug_macro   0x000000000000875b      0xa90 /home/almostdeveloper/riot/examples/FirstLesson/bin/stm32f0discovery/core/sched.o
 .debug_macro   0x00000000000091eb      0x16d /home/almostdeveloper/riot/examples/FirstLesson/bin/stm32f0discovery/core/sched.o
 .debug_macro   0x0000000000009358       0x46 /home/almostdeveloper/riot/examples/FirstLesson/bin/stm32f0discovery/core/sched.o
 .debug_macro   0x000000000000939e       0x3a /home/almostdeveloper/riot/examples/FirstLesson/bin/stm32f0discovery/core/sched.o
 .debug_macro   0x00000000000093d8      0x34d /home/almostdeveloper/riot/examples/FirstLesson/bin/stm32f0discovery/core/sched.o
 .debug_macro   0x0000000000009725       0x25 /home/almostdeveloper/riot/examples/FirstLesson/bin/stm32f0discovery/core/sched.o
 .debug_macro   0x000000000000974a       0x2e /home/almostdeveloper/riot/examples/FirstLesson/bin/stm32f0discovery/core/sched.o
 .debug_macro   0x0000000000009778       0x1c /home/almostdeveloper/riot/examples/FirstLesson/bin/stm32f0discovery/core/sched.o
 .debug_macro   0x0000000000009794      0x114 /home/almostdeveloper/riot/examples/FirstLesson/bin/stm32f0discovery/core/sched.o
 .debug_macro   0x00000000000098a8       0x1c /home/almostdeveloper/riot/examples/FirstLesson/bin/stm32f0discovery/core/sched.o
 .debug_macro   0x00000000000098c4      0x1ce /home/almostdeveloper/riot/examples/FirstLesson/bin/stm32f0discovery/core/bitarithm.o
 .debug_macro   0x0000000000009a92      0xa90 /home/almostdeveloper/riot/examples/FirstLesson/bin/stm32f0discovery/core/bitarithm.o
 .debug_macro   0x000000000000a522       0x97 /home/almostdeveloper/riot/examples/FirstLesson/bin/stm32f0discovery/core/bitarithm.o
 .debug_macro   0x000000000000a5b9       0xf6 /home/almostdeveloper/riot/examples/FirstLesson/bin/stm32f0discovery/core/bitarithm.o
 .debug_macro   0x000000000000a6af      0x2ea /home/almostdeveloper/riot/examples/FirstLesson/bin/stm32f0discovery/cortexm_common/thread_arch.o
 .debug_macro   0x000000000000a999      0xa90 /home/almostdeveloper/riot/examples/FirstLesson/bin/stm32f0discovery/cortexm_common/thread_arch.o
 .debug_macro   0x000000000000b429       0x1c /home/almostdeveloper/riot/examples/FirstLesson/bin/stm32f0discovery/cortexm_common/thread_arch.o
 .debug_macro   0x000000000000b445      0x32f /home/almostdeveloper/riot/examples/FirstLesson/bin/stm32f0discovery/cortexm_common/vectors_cortexm.o
 .debug_macro   0x000000000000b774      0xa90 /home/almostdeveloper/riot/examples/FirstLesson/bin/stm32f0discovery/cortexm_common/vectors_cortexm.o
 .debug_macro   0x000000000000c204       0x16 /home/almostdeveloper/riot/examples/FirstLesson/bin/stm32f0discovery/cortexm_common/vectors_cortexm.o
 .debug_macro   0x000000000000c21a       0x1c /home/almostdeveloper/riot/examples/FirstLesson/bin/stm32f0discovery/cortexm_common/vectors_cortexm.o
 .debug_macro   0x000000000000c236      0x2da /home/almostdeveloper/riot/examples/FirstLesson/bin/stm32f0discovery/cortexm_common/irq_arch.o
 .debug_macro   0x000000000000c510      0xa90 /home/almostdeveloper/riot/examples/FirstLesson/bin/stm32f0discovery/cortexm_common/irq_arch.o
 .debug_macro   0x000000000000cfa0      0x3cb /home/almostdeveloper/riot/examples/FirstLesson/bin/stm32f0discovery/stdio_uart/stdio_uart.o
 .debug_macro   0x000000000000d36b      0xa90 /home/almostdeveloper/riot/examples/FirstLesson/bin/stm32f0discovery/stdio_uart/stdio_uart.o
 .debug_macro   0x000000000000ddfb      0x23b /home/almostdeveloper/riot/examples/FirstLesson/bin/stm32f0discovery/stdio_uart/stdio_uart.o
 .debug_macro   0x000000000000e036       0x52 /home/almostdeveloper/riot/examples/FirstLesson/bin/stm32f0discovery/stdio_uart/stdio_uart.o
 .debug_macro   0x000000000000e088       0x16 /home/almostdeveloper/riot/examples/FirstLesson/bin/stm32f0discovery/stdio_uart/stdio_uart.o
 .debug_macro   0x000000000000e09e       0x16 /home/almostdeveloper/riot/examples/FirstLesson/bin/stm32f0discovery/stdio_uart/stdio_uart.o
 .debug_macro   0x000000000000e0b4       0x10 /home/almostdeveloper/riot/examples/FirstLesson/bin/stm32f0discovery/stdio_uart/stdio_uart.o
 .debug_macro   0x000000000000e0c4      0x34f /home/almostdeveloper/riot/examples/FirstLesson/bin/stm32f0discovery/stm32_common_periph/uart.o
 .debug_macro   0x000000000000e413      0xa90 /home/almostdeveloper/riot/examples/FirstLesson/bin/stm32f0discovery/stm32_common_periph/uart.o
 .debug_macro   0x000000000000eea3      0x344 /home/almostdeveloper/riot/examples/FirstLesson/bin/stm32f0discovery/stm32_common_periph/pm.o
 .debug_macro   0x000000000000f1e7      0xa90 /home/almostdeveloper/riot/examples/FirstLesson/bin/stm32f0discovery/stm32_common_periph/pm.o
 .debug_macro   0x000000000000fc77      0x286 /home/almostdeveloper/riot/examples/FirstLesson/bin/stm32f0discovery/stm32_common_periph/pm.o
 .debug_macro   0x000000000000fefd      0x303 /home/almostdeveloper/riot/examples/FirstLesson/bin/stm32f0discovery/stm32_common_periph/gpio.o
 .debug_macro   0x0000000000010200      0xa90 /home/almostdeveloper/riot/examples/FirstLesson/bin/stm32f0discovery/stm32_common_periph/gpio.o
 .debug_macro   0x0000000000010c90      0x3ae /home/almostdeveloper/riot/examples/FirstLesson/bin/stm32f0discovery/xtimer/xtimer_core.o
 .debug_macro   0x000000000001103e      0xa90 /home/almostdeveloper/riot/examples/FirstLesson/bin/stm32f0discovery/xtimer/xtimer_core.o
 .debug_macro   0x0000000000011ace       0x10 /home/almostdeveloper/riot/examples/FirstLesson/bin/stm32f0discovery/xtimer/xtimer_core.o
 .debug_macro   0x0000000000011ade       0x16 /home/almostdeveloper/riot/examples/FirstLesson/bin/stm32f0discovery/xtimer/xtimer_core.o
 .debug_macro   0x0000000000011af4      0x312 /home/almostdeveloper/riot/examples/FirstLesson/bin/stm32f0discovery/board/board.o
 .debug_macro   0x0000000000011e06      0xa90 /home/almostdeveloper/riot/examples/FirstLesson/bin/stm32f0discovery/board/board.o
 .debug_macro   0x0000000000012896      0x32b /home/almostdeveloper/riot/examples/FirstLesson/bin/stm32f0discovery/core/panic.o
 .debug_macro   0x0000000000012bc1      0xa90 /home/almostdeveloper/riot/examples/FirstLesson/bin/stm32f0discovery/core/panic.o
 .debug_macro   0x0000000000013651      0x36e /home/almostdeveloper/riot/examples/FirstLesson/bin/stm32f0discovery/core/kernel_init.o
 .debug_macro   0x00000000000139bf      0xa90 /home/almostdeveloper/riot/examples/FirstLesson/bin/stm32f0discovery/core/kernel_init.o
 .debug_macro   0x000000000001444f       0xdc /home/almostdeveloper/riot/examples/FirstLesson/bin/stm32f0discovery/core/kernel_init.o
 .debug_macro   0x000000000001452b      0x304 /home/almostdeveloper/riot/examples/FirstLesson/bin/stm32f0discovery/core/thread.o
 .debug_macro   0x000000000001482f      0xa90 /home/almostdeveloper/riot/examples/FirstLesson/bin/stm32f0discovery/core/thread.o
 .debug_macro   0x00000000000152bf      0x328 /home/almostdeveloper/riot/examples/FirstLesson/bin/stm32f0discovery/pm_layered/pm.o
 .debug_macro   0x00000000000155e7      0xa90 /home/almostdeveloper/riot/examples/FirstLesson/bin/stm32f0discovery/pm_layered/pm.o
 .debug_macro   0x0000000000016077      0x32c /home/almostdeveloper/riot/examples/FirstLesson/bin/stm32f0discovery/stm32_common/stmclk.o
 .debug_macro   0x00000000000163a3      0xa90 /home/almostdeveloper/riot/examples/FirstLesson/bin/stm32f0discovery/stm32_common/stmclk.o
 .debug_macro   0x0000000000016e33       0x71 /home/almostdeveloper/riot/examples/FirstLesson/bin/stm32f0discovery/stm32_common/stmclk.o
 .debug_macro   0x0000000000016ea4      0x323 /home/almostdeveloper/riot/examples/FirstLesson/bin/stm32f0discovery/stm32_common/stmclk_common.o
 .debug_macro   0x00000000000171c7      0xa90 /home/almostdeveloper/riot/examples/FirstLesson/bin/stm32f0discovery/stm32_common/stmclk_common.o
 .debug_macro   0x0000000000017c57      0x34f /home/almostdeveloper/riot/examples/FirstLesson/bin/stm32f0discovery/stm32_common/cpu_init.o
 .debug_macro   0x0000000000017fa6      0xa90 /home/almostdeveloper/riot/examples/FirstLesson/bin/stm32f0discovery/stm32_common/cpu_init.o
 .debug_macro   0x0000000000018a36      0x31a /home/almostdeveloper/riot/examples/FirstLesson/bin/stm32f0discovery/stm32_common/cpu_common.o
 .debug_macro   0x0000000000018d50      0xa90 /home/almostdeveloper/riot/examples/FirstLesson/bin/stm32f0discovery/stm32_common/cpu_common.o
 .debug_macro   0x00000000000197e0      0x312 /home/almostdeveloper/riot/examples/FirstLesson/bin/stm32f0discovery/stm32_common_periph/timer.o
 .debug_macro   0x0000000000019af2      0xa90 /home/almostdeveloper/riot/examples/FirstLesson/bin/stm32f0discovery/stm32_common_periph/timer.o
 .debug_macro   0x000000000001a582       0x1a /home/almostdeveloper/riot/examples/FirstLesson/bin/stm32f0discovery/periph_common/init.o
 .debug_macro   0x000000000001a59c      0xa90 /home/almostdeveloper/riot/examples/FirstLesson/bin/stm32f0discovery/periph_common/init.o
 .debug_macro   0x000000000001b02c      0x390 /home/almostdeveloper/riot/examples/FirstLesson/bin/stm32f0discovery/application_hello-world/main.o
 .debug_macro   0x000000000001b3bc      0xa90 /home/almostdeveloper/riot/examples/FirstLesson/bin/stm32f0discovery/application_hello-world/main.o
 .debug_macro   0x000000000001be4c      0x3be /home/almostdeveloper/riot/examples/FirstLesson/bin/stm32f0discovery/auto_init/auto_init.o
 .debug_macro   0x000000000001c20a      0xa90 /home/almostdeveloper/riot/examples/FirstLesson/bin/stm32f0discovery/auto_init/auto_init.o
 .debug_macro   0x000000000001cc9a       0x2e /home/almostdeveloper/riot/examples/FirstLesson/bin/stm32f0discovery/auto_init/auto_init.o
 .debug_macro   0x000000000001ccc8      0x2da /home/almostdeveloper/riot/examples/FirstLesson/bin/stm32f0discovery/cortexm_common/cortexm_init.o
 .debug_macro   0x000000000001cfa2      0xa90 /home/almostdeveloper/riot/examples/FirstLesson/bin/stm32f0discovery/cortexm_common/cortexm_init.o
 .debug_macro   0x000000000001da32      0x3cd /home/almostdeveloper/riot/examples/FirstLesson/bin/stm32f0discovery/xtimer/xtimer.o
 .debug_macro   0x000000000001ddff      0xa90 /home/almostdeveloper/riot/examples/FirstLesson/bin/stm32f0discovery/xtimer/xtimer.o
 .debug_macro   0x000000000001e88f      0x2fb /home/almostdeveloper/riot/examples/FirstLesson/bin/stm32f0discovery/core/mutex.o
 .debug_macro   0x000000000001eb8a      0xa90 /home/almostdeveloper/riot/examples/FirstLesson/bin/stm32f0discovery/core/mutex.o
 .debug_macro   0x000000000001f61a      0x1e5 /home/almostdeveloper/riot/examples/FirstLesson/bin/stm32f0discovery/core/mutex.o

.debug_line     0x0000000000000000     0xb49c
 .debug_line    0x0000000000000000      0x323 /home/almostdeveloper/riot/examples/FirstLesson/bin/stm32f0discovery/cpu/vectors.o
 .debug_line    0x0000000000000323      0x9d2 /home/almostdeveloper/riot/examples/FirstLesson/bin/stm32f0discovery/newlib_syscalls_default/syscalls.o
 .debug_line    0x0000000000000cf5      0x5ef /home/almostdeveloper/riot/examples/FirstLesson/bin/stm32f0discovery/core/sched.o
 .debug_line    0x00000000000012e4      0x455 /home/almostdeveloper/riot/examples/FirstLesson/bin/stm32f0discovery/core/bitarithm.o
 .debug_line    0x0000000000001739      0x640 /home/almostdeveloper/riot/examples/FirstLesson/bin/stm32f0discovery/cortexm_common/thread_arch.o
 .debug_line    0x0000000000001d79      0x6e4 /home/almostdeveloper/riot/examples/FirstLesson/bin/stm32f0discovery/cortexm_common/vectors_cortexm.o
 .debug_line    0x000000000000245d      0x5a6 /home/almostdeveloper/riot/examples/FirstLesson/bin/stm32f0discovery/cortexm_common/irq_arch.o
 .debug_line    0x0000000000002a03      0x70c /home/almostdeveloper/riot/examples/FirstLesson/bin/stm32f0discovery/stdio_uart/stdio_uart.o
 .debug_line    0x000000000000310f      0x7f3 /home/almostdeveloper/riot/examples/FirstLesson/bin/stm32f0discovery/stm32_common_periph/uart.o
 .debug_line    0x0000000000003902      0x66e /home/almostdeveloper/riot/examples/FirstLesson/bin/stm32f0discovery/stm32_common_periph/pm.o
 .debug_line    0x0000000000003f70      0x78c /home/almostdeveloper/riot/examples/FirstLesson/bin/stm32f0discovery/stm32_common_periph/gpio.o
 .debug_line    0x00000000000046fc      0x9a8 /home/almostdeveloper/riot/examples/FirstLesson/bin/stm32f0discovery/xtimer/xtimer_core.o
 .debug_line    0x00000000000050a4      0x634 /home/almostdeveloper/riot/examples/FirstLesson/bin/stm32f0discovery/board/board.o
 .debug_line    0x00000000000056d8      0x64c /home/almostdeveloper/riot/examples/FirstLesson/bin/stm32f0discovery/core/panic.o
 .debug_line    0x0000000000005d24      0x678 /home/almostdeveloper/riot/examples/FirstLesson/bin/stm32f0discovery/core/kernel_init.o
 .debug_line    0x000000000000639c      0x6a3 /home/almostdeveloper/riot/examples/FirstLesson/bin/stm32f0discovery/core/thread.o
 .debug_line    0x0000000000006a3f      0x65b /home/almostdeveloper/riot/examples/FirstLesson/bin/stm32f0discovery/pm_layered/pm.o
 .debug_line    0x000000000000709a      0x624 /home/almostdeveloper/riot/examples/FirstLesson/bin/stm32f0discovery/stm32_common/stmclk.o
 .debug_line    0x00000000000076be      0x668 /home/almostdeveloper/riot/examples/FirstLesson/bin/stm32f0discovery/stm32_common/stmclk_common.o
 .debug_line    0x0000000000007d26      0x65a /home/almostdeveloper/riot/examples/FirstLesson/bin/stm32f0discovery/stm32_common/cpu_init.o
 .debug_line    0x0000000000008380      0x650 /home/almostdeveloper/riot/examples/FirstLesson/bin/stm32f0discovery/stm32_common/cpu_common.o
 .debug_line    0x00000000000089d0      0x71f /home/almostdeveloper/riot/examples/FirstLesson/bin/stm32f0discovery/stm32_common_periph/timer.o
 .debug_line    0x00000000000090ef       0xc8 /home/almostdeveloper/riot/examples/FirstLesson/bin/stm32f0discovery/periph_common/init.o
 .debug_line    0x00000000000091b7      0x71a /home/almostdeveloper/riot/examples/FirstLesson/bin/stm32f0discovery/application_hello-world/main.o
 .debug_line    0x00000000000098d1      0x703 /home/almostdeveloper/riot/examples/FirstLesson/bin/stm32f0discovery/auto_init/auto_init.o
 .debug_line    0x0000000000009fd4      0x598 /home/almostdeveloper/riot/examples/FirstLesson/bin/stm32f0discovery/cortexm_common/cortexm_init.o
 .debug_line    0x000000000000a56c      0x96c /home/almostdeveloper/riot/examples/FirstLesson/bin/stm32f0discovery/xtimer/xtimer.o
 .debug_line    0x000000000000aed8      0x5c4 /home/almostdeveloper/riot/examples/FirstLesson/bin/stm32f0discovery/core/mutex.o

.debug_str      0x0000000000000000    0x27d2f
 .debug_str     0x0000000000000000    0x1c9ed /home/almostdeveloper/riot/examples/FirstLesson/bin/stm32f0discovery/cpu/vectors.o
                                      0x1cb5b (size before relaxing)
 .debug_str     0x000000000001c9ed     0x8a2c /home/almostdeveloper/riot/examples/FirstLesson/bin/stm32f0discovery/newlib_syscalls_default/syscalls.o
                                      0x25716 (size before relaxing)
 .debug_str     0x0000000000025419      0x35a /home/almostdeveloper/riot/examples/FirstLesson/bin/stm32f0discovery/core/sched.o
                                      0x227d9 (size before relaxing)
 .debug_str     0x0000000000025773       0x98 /home/almostdeveloper/riot/examples/FirstLesson/bin/stm32f0discovery/core/bitarithm.o
                                      0x206da (size before relaxing)
 .debug_str     0x000000000002580b      0x220 /home/almostdeveloper/riot/examples/FirstLesson/bin/stm32f0discovery/cortexm_common/thread_arch.o
                                      0x225fd (size before relaxing)
 .debug_str     0x0000000000025a2b      0x3a6 /home/almostdeveloper/riot/examples/FirstLesson/bin/stm32f0discovery/cortexm_common/vectors_cortexm.o
                                      0x2336d (size before relaxing)
 .debug_str     0x0000000000025dd1       0xd4 /home/almostdeveloper/riot/examples/FirstLesson/bin/stm32f0discovery/cortexm_common/irq_arch.o
                                      0x224bb (size before relaxing)
 .debug_str     0x0000000000025ea5      0x210 /home/almostdeveloper/riot/examples/FirstLesson/bin/stm32f0discovery/stdio_uart/stdio_uart.o
                                      0x24b00 (size before relaxing)
 .debug_str     0x00000000000260b5      0x4df /home/almostdeveloper/riot/examples/FirstLesson/bin/stm32f0discovery/stm32_common_periph/uart.o
                                      0x237de (size before relaxing)
 .debug_str     0x0000000000026594      0x14c /home/almostdeveloper/riot/examples/FirstLesson/bin/stm32f0discovery/stm32_common_periph/pm.o
                                      0x23071 (size before relaxing)
 .debug_str     0x00000000000266e0      0x15a /home/almostdeveloper/riot/examples/FirstLesson/bin/stm32f0discovery/stm32_common_periph/gpio.o
                                      0x23351 (size before relaxing)
 .debug_str     0x000000000002683a      0x339 /home/almostdeveloper/riot/examples/FirstLesson/bin/stm32f0discovery/xtimer/xtimer_core.o
                                      0x23b38 (size before relaxing)
 .debug_str     0x0000000000026b73       0xc7 /home/almostdeveloper/riot/examples/FirstLesson/bin/stm32f0discovery/board/board.o
                                      0x2340d (size before relaxing)
 .debug_str     0x0000000000026c3a       0xb2 /home/almostdeveloper/riot/examples/FirstLesson/bin/stm32f0discovery/core/panic.o
                                      0x2306f (size before relaxing)
 .debug_str     0x0000000000026cec       0xeb /home/almostdeveloper/riot/examples/FirstLesson/bin/stm32f0discovery/core/kernel_init.o
                                      0x235f4 (size before relaxing)